2025-01-30 16:51:09 - app.src.main - INFO - アプリケーション起動: Fortune API v1.0.0
2025-01-30 16:52:29 - app.src.endpoints.fortune - INFO - リクエスト受信: datetime='2025-01-23' birthday='1999-01-01' browsing_history=[BrowsingHistory(category='誕生日が分からないあの人との恋', title='友達だけど、少しでも異性を意識してくれてる？'), BrowsingHistory(category='', title='家編'), BrowsingHistory(category='あなたの恋の出会い', title='私に魅力を感じてくれる人はいる？')]
2025-01-30 16:52:29 - app.src.endpoints.fortune - INFO - 閲覧履歴あり: トピック生成開始
2025-01-30 16:52:29 - app.src.endpoints.fortune - ERROR - トピック生成エラー: Object of type BrowsingHistory is not JSON serializable
Traceback (most recent call last):
  File "/Users/sekikawa/Documents/20250130-aicoding/aicoding-ghost1/app/src/endpoints/fortune.py", line 54, in get_fortune
    fortune_items = create_topics(browsing_history)
                    ^^^^^^^^^^^^^^^^^^^^^^^^^^^^^^^
  File "/Users/sekikawa/Documents/20250130-aicoding/aicoding-ghost1/app/src/services/create_topics_service.py", line 23, in create_topics
    browsing_history=json.dumps(browsing_history, ensure_ascii=False)
                     ^^^^^^^^^^^^^^^^^^^^^^^^^^^^^^^^^^^^^^^^^^^^^^^^
  File "/Users/sekikawa/.asdf/installs/python/3.11.7/lib/python3.11/json/__init__.py", line 238, in dumps
    **kw).encode(obj)
          ^^^^^^^^^^^
  File "/Users/sekikawa/.asdf/installs/python/3.11.7/lib/python3.11/json/encoder.py", line 200, in encode
    chunks = self.iterencode(o, _one_shot=True)
             ^^^^^^^^^^^^^^^^^^^^^^^^^^^^^^^^^^
  File "/Users/sekikawa/.asdf/installs/python/3.11.7/lib/python3.11/json/encoder.py", line 258, in iterencode
    return _iterencode(o, 0)
           ^^^^^^^^^^^^^^^^^
  File "/Users/sekikawa/.asdf/installs/python/3.11.7/lib/python3.11/json/encoder.py", line 180, in default
    raise TypeError(f'Object of type {o.__class__.__name__} '
TypeError: Object of type BrowsingHistory is not JSON serializable
2025-01-30 16:52:48 - app.src.endpoints.fortune - INFO - リクエスト受信: datetime='2025-01-23' birthday='1999-01-01' browsing_history=[BrowsingHistory(category='誕生日が分からないあの人との恋', title='友達だけど、少しでも異性を意識してくれてる？'), BrowsingHistory(category='', title='家編'), BrowsingHistory(category='あなたの恋の出会い', title='私に魅力を感じてくれる人はいる？')]
2025-01-30 16:52:48 - app.src.endpoints.fortune - INFO - 閲覧履歴あり: トピック生成開始
2025-01-30 16:52:48 - app.src.endpoints.fortune - ERROR - トピック生成エラー: Object of type BrowsingHistory is not JSON serializable
Traceback (most recent call last):
  File "/Users/sekikawa/Documents/20250130-aicoding/aicoding-ghost1/app/src/endpoints/fortune.py", line 54, in get_fortune
    fortune_items = create_topics(browsing_history)
                    ^^^^^^^^^^^^^^^^^^^^^^^^^^^^^^^
  File "/Users/sekikawa/Documents/20250130-aicoding/aicoding-ghost1/app/src/services/create_topics_service.py", line 23, in create_topics
    browsing_history=json.dumps(browsing_history, ensure_ascii=False)
                     ^^^^^^^^^^^^^^^^^^^^^^^^^^^^^^^^^^^^^^^^^^^^^^^^
  File "/Users/sekikawa/.asdf/installs/python/3.11.7/lib/python3.11/json/__init__.py", line 238, in dumps
    **kw).encode(obj)
          ^^^^^^^^^^^
  File "/Users/sekikawa/.asdf/installs/python/3.11.7/lib/python3.11/json/encoder.py", line 200, in encode
    chunks = self.iterencode(o, _one_shot=True)
             ^^^^^^^^^^^^^^^^^^^^^^^^^^^^^^^^^^
  File "/Users/sekikawa/.asdf/installs/python/3.11.7/lib/python3.11/json/encoder.py", line 258, in iterencode
    return _iterencode(o, 0)
           ^^^^^^^^^^^^^^^^^
  File "/Users/sekikawa/.asdf/installs/python/3.11.7/lib/python3.11/json/encoder.py", line 180, in default
    raise TypeError(f'Object of type {o.__class__.__name__} '
TypeError: Object of type BrowsingHistory is not JSON serializable
2025-01-30 16:54:22 - app.src.main - INFO - アプリケーション起動: Fortune API v1.0.0
2025-01-30 16:54:35 - app.src.endpoints.fortune - INFO - リクエスト受信: datetime='2025-01-23' birthday='1999-01-01' browsing_history=[BrowsingHistory(category='誕生日が分からないあの人との恋', title='友達だけど、少しでも異性を意識してくれてる？'), BrowsingHistory(category='', title='家編'), BrowsingHistory(category='あなたの恋の出会い', title='私に魅力を感じてくれる人はいる？')]
2025-01-30 16:54:35 - app.src.endpoints.fortune - INFO - 閲覧履歴あり: トピック生成開始
2025-01-30 16:54:35 - botocore.credentials - INFO - Found credentials in shared credentials file: ~/.aws/credentials
2025-01-30 16:54:35 - app.src.utils.llm_client - ERROR - Unexpected Error: 'BedrockRuntime' object has no attribute 'converse'
2025-01-30 16:54:35 - app.src.endpoints.fortune - ERROR - トピック生成エラー: Unexpected error: 'BedrockRuntime' object has no attribute 'converse'
Traceback (most recent call last):
  File "/Users/sekikawa/Documents/20250130-aicoding/aicoding-ghost1/app/src/utils/llm_client.py", line 77, in call_claude_api
    response = bedrock.converse(
               ^^^^^^^^^^^^^^^^
  File "/Users/sekikawa/Documents/20250130-aicoding/aicoding-ghost1/.venv/lib/python3.11/site-packages/botocore/client.py", line 888, in __getattr__
    raise AttributeError(
AttributeError: 'BedrockRuntime' object has no attribute 'converse'

During handling of the above exception, another exception occurred:

Traceback (most recent call last):
  File "/Users/sekikawa/Documents/20250130-aicoding/aicoding-ghost1/app/src/endpoints/fortune.py", line 54, in get_fortune
    fortune_items = create_topics(browsing_history)
                    ^^^^^^^^^^^^^^^^^^^^^^^^^^^^^^^
  File "/Users/sekikawa/Documents/20250130-aicoding/aicoding-ghost1/app/src/services/create_topics_service.py", line 29, in create_topics
    llm_response = call_claude_api(
                   ^^^^^^^^^^^^^^^^
  File "/Users/sekikawa/Documents/20250130-aicoding/aicoding-ghost1/app/src/utils/llm_client.py", line 123, in call_claude_api
    raise BedrockError(f"Unexpected error: {str(e)}")
app.src.utils.llm_client.BedrockError: Unexpected error: 'BedrockRuntime' object has no attribute 'converse'
2025-01-30 16:59:53 - app.src.main - INFO - アプリケーション起動: Fortune API v1.0.0
2025-01-30 17:02:12 - app.src.main - INFO - アプリケーション起動: Fortune API v1.0.0
2025-01-30 17:04:36 - app.src.main - INFO - アプリケーション起動: Fortune API v1.0.0
2025-01-30 17:05:38 - app.src.main - INFO - アプリケーション起動: Fortune API v1.0.0
2025-01-30 17:05:51 - app.src.main - INFO - アプリケーション起動: Fortune API v1.0.0
2025-01-30 17:07:12 - app.src.main - INFO - アプリケーション起動: Fortune API v1.0.0
2025-01-30 17:07:24 - app.src.main - INFO - アプリケーション起動: Fortune API v1.0.0
2025-01-30 17:08:05 - app.src.main - INFO - アプリケーション起動: Fortune API v1.0.0
2025-01-30 17:12:44 - app.src.main - INFO - アプリケーション起動: Fortune API v1.0.0
2025-01-30 17:13:24 - app.src.main - INFO - アプリケーション起動: Fortune API v1.0.0
2025-01-30 17:13:52 - app.src.main - INFO - アプリケーション起動: Fortune API v1.0.0
2025-01-30 17:14:18 - app.src.main - INFO - アプリケーション起動: Fortune API v1.0.0
2025-01-30 17:15:04 - app.src.main - INFO - アプリケーション起動: Fortune API v1.0.0
2025-01-30 17:18:26 - app.src.main - INFO - アプリケーション起動: Fortune API v1.0.0
2025-01-30 17:20:02 - app.src.main - INFO - アプリケーション起動: Fortune API v1.0.0
2025-01-30 17:21:09 - app.src.main - INFO - アプリケーション起動: Fortune API v1.0.0
2025-01-30 17:21:36 - app.src.main - INFO - アプリケーション起動: Fortune API v1.0.0
2025-01-30 17:22:16 - app.src.main - INFO - アプリケーション起動: Fortune API v1.0.0
2025-01-30 17:23:12 - app.src.main - INFO - アプリケーション起動: Fortune API v1.0.0
2025-01-30 17:23:44 - app.src.main - INFO - アプリケーション起動: Fortune API v1.0.0
2025-01-30 17:26:55 - app.src.main - INFO - アプリケーション起動: Fortune API v1.0.0
2025-01-30 17:58:29 - app.src.main - INFO - アプリケーション起動: Fortune API v1.0.0
2025-01-30 17:59:47 - app.src.main - INFO - アプリケーション起動: Fortune API v1.0.0
2025-01-30 18:21:12 - app.src.main - INFO - アプリケーション起動: Fortune API v1.0.0
2025-01-30 18:23:12 - app.src.main - INFO - アプリケーション起動: Fortune API v1.0.0
2025-01-30 18:25:10 - app.src.main - INFO - アプリケーション起動: Fortune API v1.0.0
2025-01-30 18:33:12 - app.src.main - INFO - アプリケーション起動: Fortune API v1.0.0
2025-01-30 18:33:18 - app.src.endpoints.fortune - INFO - リクエスト受信: datetime='2025-01-23' birthday='1999-01-01' browsing_history=[BrowsingHistory(category='誕生日が分からないあの人との恋', title='友達だけど、少しでも異性を意識してくれてる？'), BrowsingHistory(category='', title='家編'), BrowsingHistory(category='あなたの恋の出会い', title='私に魅力を感じてくれる人はいる？')]
2025-01-30 18:33:18 - app.src.endpoints.fortune - DEBUG - 閲覧履歴: [BrowsingHistory(category='誕生日が分からないあの人との恋', title='友達だけど、少しでも異性を意識してくれてる？'), BrowsingHistory(category='', title='家編'), BrowsingHistory(category='あなたの恋の出会い', title='私に魅力を感じてくれる人はいる？')]
2025-01-30 18:33:18 - app.src.endpoints.fortune - INFO - 閲覧履歴あり: トピック生成開始
2025-01-30 18:33:18 - app.src.services.create_topics_service - INFO - create_topics処理を開始します
2025-01-30 18:33:18 - app.src.services.create_topics_service - DEBUG - システムプロンプト: 
あなたは熟練の占い師です。ユーザーの閲覧履歴を分析し、それに基づいて6つの占い項目を作成する任務があります。以下の手順に従って作業を進めてください。

まず、ユーザーの閲覧履歴を確認してください：


次に、以下の手順に従って占いを行ってください：

1. 閲覧履歴の分析：
   - ユーザーの閲覧履歴を詳細に分析し、興味や関心事を特定してください。

2. 占い項目の作成：
   - ユーザーが現在気になっているであろう占い項目を6個作成してください。
   - 各項目には、ユーザーの興味や最近の行動に関連した内容を含めてください。

3. JSON形式での出力：
   - 結果は必ずJSON形式で出力してください。それ以外は絶対に出力しないでください。
   - 各占い項目には、id（数字）とtitle（文字列）を含めてください。

出力形式の例：
{
  "items": [
    {"title": "xxx"},
    {"title": "yyy"},
    ...
    {"title": "zzz"}  # 6 items
  ]
}


注意：
- 必ず日本語で回答してください。
- JSON形式の出力を厳守してください。構造が正しいことを確認してから最終出力してください。`;


2025-01-30 18:33:18 - app.src.services.create_topics_service - DEBUG - ユーザープロンプト: 提供された過去履歴データは以下です: [{"category": "誕生日が分からないあの人との恋", "title": "友達だけど、少しでも異性を意識してくれてる？"}, {"category": "", "title": "家編"}, {"category": "あなたの恋の出会い", "title": "私に魅力を感じてくれる人はいる？"}]
2025-01-30 18:33:18 - app.src.services.create_topics_service - INFO - LLMを呼び出します
2025-01-30 18:33:18 - app.src.utils.llm_client - INFO - Claude API呼び出しを開始
2025-01-30 18:33:18 - app.src.utils.llm_client - DEBUG - Bedrockクライアントを初期化
2025-01-30 18:33:18 - botocore.hooks - DEBUG - Changing event name from creating-client-class.iot-data to creating-client-class.iot-data-plane
2025-01-30 18:33:18 - botocore.hooks - DEBUG - Changing event name from before-call.apigateway to before-call.api-gateway
2025-01-30 18:33:18 - botocore.hooks - DEBUG - Changing event name from request-created.machinelearning.Predict to request-created.machine-learning.Predict
2025-01-30 18:33:18 - botocore.hooks - DEBUG - Changing event name from before-parameter-build.autoscaling.CreateLaunchConfiguration to before-parameter-build.auto-scaling.CreateLaunchConfiguration
2025-01-30 18:33:18 - botocore.hooks - DEBUG - Changing event name from before-parameter-build.route53 to before-parameter-build.route-53
2025-01-30 18:33:18 - botocore.hooks - DEBUG - Changing event name from request-created.cloudsearchdomain.Search to request-created.cloudsearch-domain.Search
2025-01-30 18:33:18 - botocore.hooks - DEBUG - Changing event name from docs.*.autoscaling.CreateLaunchConfiguration.complete-section to docs.*.auto-scaling.CreateLaunchConfiguration.complete-section
2025-01-30 18:33:18 - botocore.hooks - DEBUG - Changing event name from before-parameter-build.logs.CreateExportTask to before-parameter-build.cloudwatch-logs.CreateExportTask
2025-01-30 18:33:18 - botocore.hooks - DEBUG - Changing event name from docs.*.logs.CreateExportTask.complete-section to docs.*.cloudwatch-logs.CreateExportTask.complete-section
2025-01-30 18:33:18 - botocore.hooks - DEBUG - Changing event name from before-parameter-build.cloudsearchdomain.Search to before-parameter-build.cloudsearch-domain.Search
2025-01-30 18:33:18 - botocore.hooks - DEBUG - Changing event name from docs.*.cloudsearchdomain.Search.complete-section to docs.*.cloudsearch-domain.Search.complete-section
2025-01-30 18:33:18 - botocore.utils - DEBUG - IMDS ENDPOINT: http://169.254.169.254/
2025-01-30 18:33:18 - botocore.credentials - DEBUG - Looking for credentials via: env
2025-01-30 18:33:18 - botocore.credentials - DEBUG - Looking for credentials via: assume-role
2025-01-30 18:33:18 - botocore.credentials - DEBUG - Looking for credentials via: assume-role-with-web-identity
2025-01-30 18:33:18 - botocore.credentials - DEBUG - Looking for credentials via: sso
2025-01-30 18:33:18 - botocore.credentials - DEBUG - Looking for credentials via: shared-credentials-file
2025-01-30 18:33:18 - botocore.credentials - INFO - Found credentials in shared credentials file: ~/.aws/credentials
2025-01-30 18:33:18 - botocore.loaders - DEBUG - Loading JSON file: /Users/sekikawa/Documents/20250130-aicoding/aicoding-ghost1/.venv/lib/python3.11/site-packages/botocore/data/endpoints.json
2025-01-30 18:33:18 - botocore.loaders - DEBUG - Loading JSON file: /Users/sekikawa/Documents/20250130-aicoding/aicoding-ghost1/.venv/lib/python3.11/site-packages/botocore/data/sdk-default-configuration.json
2025-01-30 18:33:18 - botocore.hooks - DEBUG - Event choose-service-name: calling handler <function handle_service_name_alias at 0x108e35760>
2025-01-30 18:33:18 - botocore.loaders - DEBUG - Loading JSON file: /Users/sekikawa/Documents/20250130-aicoding/aicoding-ghost1/.venv/lib/python3.11/site-packages/botocore/data/bedrock-runtime/2023-09-30/service-2.json
2025-01-30 18:33:18 - botocore.loaders - DEBUG - Loading JSON file: /Users/sekikawa/Documents/20250130-aicoding/aicoding-ghost1/.venv/lib/python3.11/site-packages/botocore/data/bedrock-runtime/2023-09-30/endpoint-rule-set-1.json.gz
2025-01-30 18:33:18 - botocore.loaders - DEBUG - Loading JSON file: /Users/sekikawa/Documents/20250130-aicoding/aicoding-ghost1/.venv/lib/python3.11/site-packages/botocore/data/partitions.json
2025-01-30 18:33:18 - botocore.hooks - DEBUG - Event creating-client-class.bedrock-runtime: calling handler <function add_generate_presigned_url at 0x108da8e00>
2025-01-30 18:33:18 - botocore.configprovider - DEBUG - Looking for endpoint for bedrock-runtime via: environment_service
2025-01-30 18:33:18 - botocore.configprovider - DEBUG - Looking for endpoint for bedrock-runtime via: environment_global
2025-01-30 18:33:18 - botocore.configprovider - DEBUG - Looking for endpoint for bedrock-runtime via: config_service
2025-01-30 18:33:18 - botocore.configprovider - DEBUG - Looking for endpoint for bedrock-runtime via: config_global
2025-01-30 18:33:18 - botocore.configprovider - DEBUG - No configured endpoint found.
2025-01-30 18:33:18 - botocore.regions - DEBUG - Creating a regex based endpoint for bedrock-runtime, us-east-1
2025-01-30 18:33:18 - botocore.endpoint - DEBUG - Setting bedrock-runtime timeout as (60, 60)
2025-01-30 18:33:18 - botocore.loaders - DEBUG - Loading JSON file: /Users/sekikawa/Documents/20250130-aicoding/aicoding-ghost1/.venv/lib/python3.11/site-packages/botocore/data/_retry.json
2025-01-30 18:33:18 - botocore.client - DEBUG - Registering retry handlers for service: bedrock-runtime
2025-01-30 18:33:18 - app.src.utils.llm_client - DEBUG - リクエストボディを構築
2025-01-30 18:33:18 - app.src.utils.llm_client - DEBUG - API呼び出しを開始 (最大リトライ回数: 6)
2025-01-30 18:33:18 - app.src.utils.llm_client - DEBUG - API呼び出し試行 (試行回数: 1)
2025-01-30 18:33:18 - app.src.utils.llm_client - DEBUG - converseを呼び出し
2025-01-30 18:33:18 - app.src.utils.llm_client - ERROR - Unexpected Error: 'BedrockRuntime' object has no attribute 'converse'
2025-01-30 18:33:18 - app.src.endpoints.fortune - ERROR - トピック生成エラー: Unexpected error: 'BedrockRuntime' object has no attribute 'converse'
Traceback (most recent call last):
  File "/Users/sekikawa/Documents/20250130-aicoding/aicoding-ghost1/app/src/utils/llm_client.py", line 98, in call_claude_api
    response = bedrock.converse(
               ^^^^^^^^^^^^^^^^
  File "/Users/sekikawa/Documents/20250130-aicoding/aicoding-ghost1/.venv/lib/python3.11/site-packages/botocore/client.py", line 888, in __getattr__
    raise AttributeError(
AttributeError: 'BedrockRuntime' object has no attribute 'converse'

During handling of the above exception, another exception occurred:

Traceback (most recent call last):
  File "/Users/sekikawa/Documents/20250130-aicoding/aicoding-ghost1/app/src/endpoints/fortune.py", line 54, in get_fortune
    fortune_items = create_topics(browsing_history)
                    ^^^^^^^^^^^^^^^^^^^^^^^^^^^^^^^
  File "/Users/sekikawa/Documents/20250130-aicoding/aicoding-ghost1/app/src/services/create_topics_service.py", line 38, in create_topics
    llm_response = call_claude_api(
                   ^^^^^^^^^^^^^^^^
  File "/Users/sekikawa/Documents/20250130-aicoding/aicoding-ghost1/app/src/utils/llm_client.py", line 158, in call_claude_api
    raise BedrockError(f"Unexpected error: {str(e)}")
app.src.utils.llm_client.BedrockError: Unexpected error: 'BedrockRuntime' object has no attribute 'converse'
2025-01-30 18:33:38 - app.src.endpoints.fortune - INFO - リクエスト受信: datetime='2025-01-23' birthday='1999-01-01' browsing_history=[BrowsingHistory(category='誕生日が分からないあの人との恋', title='友達だけど、少しでも異性を意識してくれてる？'), BrowsingHistory(category='', title='家編'), BrowsingHistory(category='あなたの恋の出会い', title='私に魅力を感じてくれる人はいる？')]
2025-01-30 18:33:38 - app.src.endpoints.fortune - DEBUG - 閲覧履歴: [BrowsingHistory(category='誕生日が分からないあの人との恋', title='友達だけど、少しでも異性を意識してくれてる？'), BrowsingHistory(category='', title='家編'), BrowsingHistory(category='あなたの恋の出会い', title='私に魅力を感じてくれる人はいる？')]
2025-01-30 18:33:38 - app.src.endpoints.fortune - INFO - 閲覧履歴あり: トピック生成開始
2025-01-30 18:33:38 - app.src.services.create_topics_service - INFO - create_topics処理を開始します
2025-01-30 18:33:38 - app.src.services.create_topics_service - DEBUG - システムプロンプト: 
あなたは熟練の占い師です。ユーザーの閲覧履歴を分析し、それに基づいて6つの占い項目を作成する任務があります。以下の手順に従って作業を進めてください。

まず、ユーザーの閲覧履歴を確認してください：


次に、以下の手順に従って占いを行ってください：

1. 閲覧履歴の分析：
   - ユーザーの閲覧履歴を詳細に分析し、興味や関心事を特定してください。

2. 占い項目の作成：
   - ユーザーが現在気になっているであろう占い項目を6個作成してください。
   - 各項目には、ユーザーの興味や最近の行動に関連した内容を含めてください。

3. JSON形式での出力：
   - 結果は必ずJSON形式で出力してください。それ以外は絶対に出力しないでください。
   - 各占い項目には、id（数字）とtitle（文字列）を含めてください。

出力形式の例：
{
  "items": [
    {"title": "xxx"},
    {"title": "yyy"},
    ...
    {"title": "zzz"}  # 6 items
  ]
}


注意：
- 必ず日本語で回答してください。
- JSON形式の出力を厳守してください。構造が正しいことを確認してから最終出力してください。`;


2025-01-30 18:33:38 - app.src.services.create_topics_service - DEBUG - ユーザープロンプト: 提供された過去履歴データは以下です: [{"category": "誕生日が分からないあの人との恋", "title": "友達だけど、少しでも異性を意識してくれてる？"}, {"category": "", "title": "家編"}, {"category": "あなたの恋の出会い", "title": "私に魅力を感じてくれる人はいる？"}]
2025-01-30 18:33:38 - app.src.services.create_topics_service - INFO - LLMを呼び出します
2025-01-30 18:33:38 - app.src.utils.llm_client - INFO - Claude API呼び出しを開始
2025-01-30 18:33:38 - app.src.utils.llm_client - DEBUG - Bedrockクライアントを初期化
2025-01-30 18:33:38 - botocore.hooks - DEBUG - Event choose-service-name: calling handler <function handle_service_name_alias at 0x108e35760>
2025-01-30 18:33:38 - botocore.hooks - DEBUG - Event creating-client-class.bedrock-runtime: calling handler <function add_generate_presigned_url at 0x108da8e00>
2025-01-30 18:33:38 - botocore.configprovider - DEBUG - Looking for endpoint for bedrock-runtime via: environment_service
2025-01-30 18:33:38 - botocore.configprovider - DEBUG - Looking for endpoint for bedrock-runtime via: environment_global
2025-01-30 18:33:38 - botocore.configprovider - DEBUG - Looking for endpoint for bedrock-runtime via: config_service
2025-01-30 18:33:38 - botocore.configprovider - DEBUG - Looking for endpoint for bedrock-runtime via: config_global
2025-01-30 18:33:38 - botocore.configprovider - DEBUG - No configured endpoint found.
2025-01-30 18:33:38 - botocore.regions - DEBUG - Creating a regex based endpoint for bedrock-runtime, us-east-1
2025-01-30 18:33:38 - botocore.endpoint - DEBUG - Setting bedrock-runtime timeout as (60, 60)
2025-01-30 18:33:38 - botocore.client - DEBUG - Registering retry handlers for service: bedrock-runtime
2025-01-30 18:33:38 - app.src.utils.llm_client - DEBUG - リクエストボディを構築
2025-01-30 18:33:38 - app.src.utils.llm_client - DEBUG - API呼び出しを開始 (最大リトライ回数: 6)
2025-01-30 18:33:38 - app.src.utils.llm_client - DEBUG - API呼び出し試行 (試行回数: 1)
2025-01-30 18:33:38 - app.src.utils.llm_client - DEBUG - converseを呼び出し
2025-01-30 18:33:38 - app.src.utils.llm_client - ERROR - Unexpected Error: 'BedrockRuntime' object has no attribute 'converse'
2025-01-30 18:33:38 - app.src.endpoints.fortune - ERROR - トピック生成エラー: Unexpected error: 'BedrockRuntime' object has no attribute 'converse'
Traceback (most recent call last):
  File "/Users/sekikawa/Documents/20250130-aicoding/aicoding-ghost1/app/src/utils/llm_client.py", line 98, in call_claude_api
    response = bedrock.converse(
               ^^^^^^^^^^^^^^^^
  File "/Users/sekikawa/Documents/20250130-aicoding/aicoding-ghost1/.venv/lib/python3.11/site-packages/botocore/client.py", line 888, in __getattr__
    raise AttributeError(
AttributeError: 'BedrockRuntime' object has no attribute 'converse'

During handling of the above exception, another exception occurred:

Traceback (most recent call last):
  File "/Users/sekikawa/Documents/20250130-aicoding/aicoding-ghost1/app/src/endpoints/fortune.py", line 54, in get_fortune
    fortune_items = create_topics(browsing_history)
                    ^^^^^^^^^^^^^^^^^^^^^^^^^^^^^^^
  File "/Users/sekikawa/Documents/20250130-aicoding/aicoding-ghost1/app/src/services/create_topics_service.py", line 38, in create_topics
    llm_response = call_claude_api(
                   ^^^^^^^^^^^^^^^^
  File "/Users/sekikawa/Documents/20250130-aicoding/aicoding-ghost1/app/src/utils/llm_client.py", line 158, in call_claude_api
    raise BedrockError(f"Unexpected error: {str(e)}")
app.src.utils.llm_client.BedrockError: Unexpected error: 'BedrockRuntime' object has no attribute 'converse'
2025-01-30 18:33:39 - app.src.endpoints.fortune - INFO - リクエスト受信: datetime='2025-01-23' birthday='1999-01-01' browsing_history=[BrowsingHistory(category='誕生日が分からないあの人との恋', title='友達だけど、少しでも異性を意識してくれてる？'), BrowsingHistory(category='', title='家編'), BrowsingHistory(category='あなたの恋の出会い', title='私に魅力を感じてくれる人はいる？')]
2025-01-30 18:33:39 - app.src.endpoints.fortune - DEBUG - 閲覧履歴: [BrowsingHistory(category='誕生日が分からないあの人との恋', title='友達だけど、少しでも異性を意識してくれてる？'), BrowsingHistory(category='', title='家編'), BrowsingHistory(category='あなたの恋の出会い', title='私に魅力を感じてくれる人はいる？')]
2025-01-30 18:33:39 - app.src.endpoints.fortune - INFO - 閲覧履歴あり: トピック生成開始
2025-01-30 18:33:39 - app.src.services.create_topics_service - INFO - create_topics処理を開始します
2025-01-30 18:33:39 - app.src.services.create_topics_service - DEBUG - システムプロンプト: 
あなたは熟練の占い師です。ユーザーの閲覧履歴を分析し、それに基づいて6つの占い項目を作成する任務があります。以下の手順に従って作業を進めてください。

まず、ユーザーの閲覧履歴を確認してください：


次に、以下の手順に従って占いを行ってください：

1. 閲覧履歴の分析：
   - ユーザーの閲覧履歴を詳細に分析し、興味や関心事を特定してください。

2. 占い項目の作成：
   - ユーザーが現在気になっているであろう占い項目を6個作成してください。
   - 各項目には、ユーザーの興味や最近の行動に関連した内容を含めてください。

3. JSON形式での出力：
   - 結果は必ずJSON形式で出力してください。それ以外は絶対に出力しないでください。
   - 各占い項目には、id（数字）とtitle（文字列）を含めてください。

出力形式の例：
{
  "items": [
    {"title": "xxx"},
    {"title": "yyy"},
    ...
    {"title": "zzz"}  # 6 items
  ]
}


注意：
- 必ず日本語で回答してください。
- JSON形式の出力を厳守してください。構造が正しいことを確認してから最終出力してください。`;


2025-01-30 18:33:39 - app.src.services.create_topics_service - DEBUG - ユーザープロンプト: 提供された過去履歴データは以下です: [{"category": "誕生日が分からないあの人との恋", "title": "友達だけど、少しでも異性を意識してくれてる？"}, {"category": "", "title": "家編"}, {"category": "あなたの恋の出会い", "title": "私に魅力を感じてくれる人はいる？"}]
2025-01-30 18:33:39 - app.src.services.create_topics_service - INFO - LLMを呼び出します
2025-01-30 18:33:39 - app.src.utils.llm_client - INFO - Claude API呼び出しを開始
2025-01-30 18:33:39 - app.src.utils.llm_client - DEBUG - Bedrockクライアントを初期化
2025-01-30 18:33:39 - botocore.hooks - DEBUG - Event choose-service-name: calling handler <function handle_service_name_alias at 0x108e35760>
2025-01-30 18:33:39 - botocore.hooks - DEBUG - Event creating-client-class.bedrock-runtime: calling handler <function add_generate_presigned_url at 0x108da8e00>
2025-01-30 18:33:39 - botocore.configprovider - DEBUG - Looking for endpoint for bedrock-runtime via: environment_service
2025-01-30 18:33:39 - botocore.configprovider - DEBUG - Looking for endpoint for bedrock-runtime via: environment_global
2025-01-30 18:33:39 - botocore.configprovider - DEBUG - Looking for endpoint for bedrock-runtime via: config_service
2025-01-30 18:33:39 - botocore.configprovider - DEBUG - Looking for endpoint for bedrock-runtime via: config_global
2025-01-30 18:33:39 - botocore.configprovider - DEBUG - No configured endpoint found.
2025-01-30 18:33:39 - botocore.regions - DEBUG - Creating a regex based endpoint for bedrock-runtime, us-east-1
2025-01-30 18:33:39 - botocore.endpoint - DEBUG - Setting bedrock-runtime timeout as (60, 60)
2025-01-30 18:33:39 - botocore.client - DEBUG - Registering retry handlers for service: bedrock-runtime
2025-01-30 18:33:39 - app.src.utils.llm_client - DEBUG - リクエストボディを構築
2025-01-30 18:33:39 - app.src.utils.llm_client - DEBUG - API呼び出しを開始 (最大リトライ回数: 6)
2025-01-30 18:33:39 - app.src.utils.llm_client - DEBUG - API呼び出し試行 (試行回数: 1)
2025-01-30 18:33:39 - app.src.utils.llm_client - DEBUG - converseを呼び出し
2025-01-30 18:33:39 - app.src.utils.llm_client - ERROR - Unexpected Error: 'BedrockRuntime' object has no attribute 'converse'
2025-01-30 18:33:39 - app.src.endpoints.fortune - ERROR - トピック生成エラー: Unexpected error: 'BedrockRuntime' object has no attribute 'converse'
Traceback (most recent call last):
  File "/Users/sekikawa/Documents/20250130-aicoding/aicoding-ghost1/app/src/utils/llm_client.py", line 98, in call_claude_api
    response = bedrock.converse(
               ^^^^^^^^^^^^^^^^
  File "/Users/sekikawa/Documents/20250130-aicoding/aicoding-ghost1/.venv/lib/python3.11/site-packages/botocore/client.py", line 888, in __getattr__
    raise AttributeError(
AttributeError: 'BedrockRuntime' object has no attribute 'converse'

During handling of the above exception, another exception occurred:

Traceback (most recent call last):
  File "/Users/sekikawa/Documents/20250130-aicoding/aicoding-ghost1/app/src/endpoints/fortune.py", line 54, in get_fortune
    fortune_items = create_topics(browsing_history)
                    ^^^^^^^^^^^^^^^^^^^^^^^^^^^^^^^
  File "/Users/sekikawa/Documents/20250130-aicoding/aicoding-ghost1/app/src/services/create_topics_service.py", line 38, in create_topics
    llm_response = call_claude_api(
                   ^^^^^^^^^^^^^^^^
  File "/Users/sekikawa/Documents/20250130-aicoding/aicoding-ghost1/app/src/utils/llm_client.py", line 158, in call_claude_api
    raise BedrockError(f"Unexpected error: {str(e)}")
app.src.utils.llm_client.BedrockError: Unexpected error: 'BedrockRuntime' object has no attribute 'converse'
2025-01-30 18:34:07 - app.src.endpoints.fortune - INFO - リクエスト受信: datetime='2025-01-23' birthday='1999-01-01' browsing_history=[BrowsingHistory(category='誕生日が分からないあの人との恋', title='友達だけど、少しでも異性を意識してくれてる？'), BrowsingHistory(category='', title='家編'), BrowsingHistory(category='あなたの恋の出会い', title='私に魅力を感じてくれる人はいる？')]
2025-01-30 18:34:07 - app.src.endpoints.fortune - DEBUG - 閲覧履歴: [BrowsingHistory(category='誕生日が分からないあの人との恋', title='友達だけど、少しでも異性を意識してくれてる？'), BrowsingHistory(category='', title='家編'), BrowsingHistory(category='あなたの恋の出会い', title='私に魅力を感じてくれる人はいる？')]
2025-01-30 18:34:07 - app.src.endpoints.fortune - INFO - 閲覧履歴あり: トピック生成開始
2025-01-30 18:34:07 - app.src.services.create_topics_service - INFO - create_topics処理を開始します
2025-01-30 18:34:07 - app.src.services.create_topics_service - DEBUG - システムプロンプト: 
あなたは熟練の占い師です。ユーザーの閲覧履歴を分析し、それに基づいて6つの占い項目を作成する任務があります。以下の手順に従って作業を進めてください。

まず、ユーザーの閲覧履歴を確認してください：


次に、以下の手順に従って占いを行ってください：

1. 閲覧履歴の分析：
   - ユーザーの閲覧履歴を詳細に分析し、興味や関心事を特定してください。

2. 占い項目の作成：
   - ユーザーが現在気になっているであろう占い項目を6個作成してください。
   - 各項目には、ユーザーの興味や最近の行動に関連した内容を含めてください。

3. JSON形式での出力：
   - 結果は必ずJSON形式で出力してください。それ以外は絶対に出力しないでください。
   - 各占い項目には、id（数字）とtitle（文字列）を含めてください。

出力形式の例：
{
  "items": [
    {"title": "xxx"},
    {"title": "yyy"},
    ...
    {"title": "zzz"}  # 6 items
  ]
}


注意：
- 必ず日本語で回答してください。
- JSON形式の出力を厳守してください。構造が正しいことを確認してから最終出力してください。`;


2025-01-30 18:34:07 - app.src.services.create_topics_service - DEBUG - ユーザープロンプト: 提供された過去履歴データは以下です: [{"category": "誕生日が分からないあの人との恋", "title": "友達だけど、少しでも異性を意識してくれてる？"}, {"category": "", "title": "家編"}, {"category": "あなたの恋の出会い", "title": "私に魅力を感じてくれる人はいる？"}]
2025-01-30 18:34:07 - app.src.services.create_topics_service - INFO - LLMを呼び出します
2025-01-30 18:34:07 - app.src.utils.llm_client - INFO - Claude API呼び出しを開始
2025-01-30 18:34:07 - app.src.utils.llm_client - DEBUG - Bedrockクライアントを初期化
2025-01-30 18:34:07 - botocore.hooks - DEBUG - Event choose-service-name: calling handler <function handle_service_name_alias at 0x108e35760>
2025-01-30 18:34:07 - botocore.hooks - DEBUG - Event creating-client-class.bedrock-runtime: calling handler <function add_generate_presigned_url at 0x108da8e00>
2025-01-30 18:34:07 - botocore.configprovider - DEBUG - Looking for endpoint for bedrock-runtime via: environment_service
2025-01-30 18:34:07 - botocore.configprovider - DEBUG - Looking for endpoint for bedrock-runtime via: environment_global
2025-01-30 18:34:07 - botocore.configprovider - DEBUG - Looking for endpoint for bedrock-runtime via: config_service
2025-01-30 18:34:07 - botocore.configprovider - DEBUG - Looking for endpoint for bedrock-runtime via: config_global
2025-01-30 18:34:07 - botocore.configprovider - DEBUG - No configured endpoint found.
2025-01-30 18:34:07 - botocore.regions - DEBUG - Creating a regex based endpoint for bedrock-runtime, us-east-1
2025-01-30 18:34:07 - botocore.endpoint - DEBUG - Setting bedrock-runtime timeout as (60, 60)
2025-01-30 18:34:07 - botocore.client - DEBUG - Registering retry handlers for service: bedrock-runtime
2025-01-30 18:34:07 - app.src.utils.llm_client - DEBUG - リクエストボディを構築
2025-01-30 18:34:07 - app.src.utils.llm_client - DEBUG - API呼び出しを開始 (最大リトライ回数: 6)
2025-01-30 18:34:07 - app.src.utils.llm_client - DEBUG - API呼び出し試行 (試行回数: 1)
2025-01-30 18:34:07 - app.src.utils.llm_client - DEBUG - converseを呼び出し
2025-01-30 18:34:07 - app.src.utils.llm_client - ERROR - Unexpected Error: 'BedrockRuntime' object has no attribute 'converse'
2025-01-30 18:34:07 - app.src.endpoints.fortune - ERROR - トピック生成エラー: Unexpected error: 'BedrockRuntime' object has no attribute 'converse'
Traceback (most recent call last):
  File "/Users/sekikawa/Documents/20250130-aicoding/aicoding-ghost1/app/src/utils/llm_client.py", line 98, in call_claude_api
    response = bedrock.converse(
               ^^^^^^^^^^^^^^^^
  File "/Users/sekikawa/Documents/20250130-aicoding/aicoding-ghost1/.venv/lib/python3.11/site-packages/botocore/client.py", line 888, in __getattr__
    raise AttributeError(
AttributeError: 'BedrockRuntime' object has no attribute 'converse'

During handling of the above exception, another exception occurred:

Traceback (most recent call last):
  File "/Users/sekikawa/Documents/20250130-aicoding/aicoding-ghost1/app/src/endpoints/fortune.py", line 54, in get_fortune
    fortune_items = create_topics(browsing_history)
                    ^^^^^^^^^^^^^^^^^^^^^^^^^^^^^^^
  File "/Users/sekikawa/Documents/20250130-aicoding/aicoding-ghost1/app/src/services/create_topics_service.py", line 38, in create_topics
    llm_response = call_claude_api(
                   ^^^^^^^^^^^^^^^^
  File "/Users/sekikawa/Documents/20250130-aicoding/aicoding-ghost1/app/src/utils/llm_client.py", line 158, in call_claude_api
    raise BedrockError(f"Unexpected error: {str(e)}")
app.src.utils.llm_client.BedrockError: Unexpected error: 'BedrockRuntime' object has no attribute 'converse'
2025-01-30 18:34:08 - app.src.endpoints.fortune - INFO - リクエスト受信: datetime='2025-01-23' birthday='1999-01-01' browsing_history=[BrowsingHistory(category='誕生日が分からないあの人との恋', title='友達だけど、少しでも異性を意識してくれてる？'), BrowsingHistory(category='', title='家編'), BrowsingHistory(category='あなたの恋の出会い', title='私に魅力を感じてくれる人はいる？')]
2025-01-30 18:34:08 - app.src.endpoints.fortune - DEBUG - 閲覧履歴: [BrowsingHistory(category='誕生日が分からないあの人との恋', title='友達だけど、少しでも異性を意識してくれてる？'), BrowsingHistory(category='', title='家編'), BrowsingHistory(category='あなたの恋の出会い', title='私に魅力を感じてくれる人はいる？')]
2025-01-30 18:34:08 - app.src.endpoints.fortune - INFO - 閲覧履歴あり: トピック生成開始
2025-01-30 18:34:08 - app.src.services.create_topics_service - INFO - create_topics処理を開始します
2025-01-30 18:34:08 - app.src.services.create_topics_service - DEBUG - システムプロンプト: 
あなたは熟練の占い師です。ユーザーの閲覧履歴を分析し、それに基づいて6つの占い項目を作成する任務があります。以下の手順に従って作業を進めてください。

まず、ユーザーの閲覧履歴を確認してください：


次に、以下の手順に従って占いを行ってください：

1. 閲覧履歴の分析：
   - ユーザーの閲覧履歴を詳細に分析し、興味や関心事を特定してください。

2. 占い項目の作成：
   - ユーザーが現在気になっているであろう占い項目を6個作成してください。
   - 各項目には、ユーザーの興味や最近の行動に関連した内容を含めてください。

3. JSON形式での出力：
   - 結果は必ずJSON形式で出力してください。それ以外は絶対に出力しないでください。
   - 各占い項目には、id（数字）とtitle（文字列）を含めてください。

出力形式の例：
{
  "items": [
    {"title": "xxx"},
    {"title": "yyy"},
    ...
    {"title": "zzz"}  # 6 items
  ]
}


注意：
- 必ず日本語で回答してください。
- JSON形式の出力を厳守してください。構造が正しいことを確認してから最終出力してください。`;


2025-01-30 18:34:08 - app.src.services.create_topics_service - DEBUG - ユーザープロンプト: 提供された過去履歴データは以下です: [{"category": "誕生日が分からないあの人との恋", "title": "友達だけど、少しでも異性を意識してくれてる？"}, {"category": "", "title": "家編"}, {"category": "あなたの恋の出会い", "title": "私に魅力を感じてくれる人はいる？"}]
2025-01-30 18:34:08 - app.src.services.create_topics_service - INFO - LLMを呼び出します
2025-01-30 18:34:08 - app.src.utils.llm_client - INFO - Claude API呼び出しを開始
2025-01-30 18:34:08 - app.src.utils.llm_client - DEBUG - Bedrockクライアントを初期化
2025-01-30 18:34:08 - botocore.hooks - DEBUG - Event choose-service-name: calling handler <function handle_service_name_alias at 0x108e35760>
2025-01-30 18:34:08 - botocore.hooks - DEBUG - Event creating-client-class.bedrock-runtime: calling handler <function add_generate_presigned_url at 0x108da8e00>
2025-01-30 18:34:08 - botocore.configprovider - DEBUG - Looking for endpoint for bedrock-runtime via: environment_service
2025-01-30 18:34:08 - botocore.configprovider - DEBUG - Looking for endpoint for bedrock-runtime via: environment_global
2025-01-30 18:34:08 - botocore.configprovider - DEBUG - Looking for endpoint for bedrock-runtime via: config_service
2025-01-30 18:34:08 - botocore.configprovider - DEBUG - Looking for endpoint for bedrock-runtime via: config_global
2025-01-30 18:34:08 - botocore.configprovider - DEBUG - No configured endpoint found.
2025-01-30 18:34:08 - botocore.regions - DEBUG - Creating a regex based endpoint for bedrock-runtime, us-east-1
2025-01-30 18:34:08 - botocore.endpoint - DEBUG - Setting bedrock-runtime timeout as (60, 60)
2025-01-30 18:34:08 - botocore.client - DEBUG - Registering retry handlers for service: bedrock-runtime
2025-01-30 18:34:08 - app.src.utils.llm_client - DEBUG - リクエストボディを構築
2025-01-30 18:34:08 - app.src.utils.llm_client - DEBUG - API呼び出しを開始 (最大リトライ回数: 6)
2025-01-30 18:34:08 - app.src.utils.llm_client - DEBUG - API呼び出し試行 (試行回数: 1)
2025-01-30 18:34:08 - app.src.utils.llm_client - DEBUG - converseを呼び出し
2025-01-30 18:34:08 - app.src.utils.llm_client - ERROR - Unexpected Error: 'BedrockRuntime' object has no attribute 'converse'
2025-01-30 18:34:08 - app.src.endpoints.fortune - ERROR - トピック生成エラー: Unexpected error: 'BedrockRuntime' object has no attribute 'converse'
Traceback (most recent call last):
  File "/Users/sekikawa/Documents/20250130-aicoding/aicoding-ghost1/app/src/utils/llm_client.py", line 98, in call_claude_api
    response = bedrock.converse(
               ^^^^^^^^^^^^^^^^
  File "/Users/sekikawa/Documents/20250130-aicoding/aicoding-ghost1/.venv/lib/python3.11/site-packages/botocore/client.py", line 888, in __getattr__
    raise AttributeError(
AttributeError: 'BedrockRuntime' object has no attribute 'converse'

During handling of the above exception, another exception occurred:

Traceback (most recent call last):
  File "/Users/sekikawa/Documents/20250130-aicoding/aicoding-ghost1/app/src/endpoints/fortune.py", line 54, in get_fortune
    fortune_items = create_topics(browsing_history)
                    ^^^^^^^^^^^^^^^^^^^^^^^^^^^^^^^
  File "/Users/sekikawa/Documents/20250130-aicoding/aicoding-ghost1/app/src/services/create_topics_service.py", line 38, in create_topics
    llm_response = call_claude_api(
                   ^^^^^^^^^^^^^^^^
  File "/Users/sekikawa/Documents/20250130-aicoding/aicoding-ghost1/app/src/utils/llm_client.py", line 158, in call_claude_api
    raise BedrockError(f"Unexpected error: {str(e)}")
app.src.utils.llm_client.BedrockError: Unexpected error: 'BedrockRuntime' object has no attribute 'converse'
2025-01-30 18:34:08 - app.src.endpoints.fortune - INFO - リクエスト受信: datetime='2025-01-23' birthday='1999-01-01' browsing_history=[BrowsingHistory(category='誕生日が分からないあの人との恋', title='友達だけど、少しでも異性を意識してくれてる？'), BrowsingHistory(category='', title='家編'), BrowsingHistory(category='あなたの恋の出会い', title='私に魅力を感じてくれる人はいる？')]
2025-01-30 18:34:08 - app.src.endpoints.fortune - DEBUG - 閲覧履歴: [BrowsingHistory(category='誕生日が分からないあの人との恋', title='友達だけど、少しでも異性を意識してくれてる？'), BrowsingHistory(category='', title='家編'), BrowsingHistory(category='あなたの恋の出会い', title='私に魅力を感じてくれる人はいる？')]
2025-01-30 18:34:08 - app.src.endpoints.fortune - INFO - 閲覧履歴あり: トピック生成開始
2025-01-30 18:34:08 - app.src.services.create_topics_service - INFO - create_topics処理を開始します
2025-01-30 18:34:08 - app.src.services.create_topics_service - DEBUG - システムプロンプト: 
あなたは熟練の占い師です。ユーザーの閲覧履歴を分析し、それに基づいて6つの占い項目を作成する任務があります。以下の手順に従って作業を進めてください。

まず、ユーザーの閲覧履歴を確認してください：


次に、以下の手順に従って占いを行ってください：

1. 閲覧履歴の分析：
   - ユーザーの閲覧履歴を詳細に分析し、興味や関心事を特定してください。

2. 占い項目の作成：
   - ユーザーが現在気になっているであろう占い項目を6個作成してください。
   - 各項目には、ユーザーの興味や最近の行動に関連した内容を含めてください。

3. JSON形式での出力：
   - 結果は必ずJSON形式で出力してください。それ以外は絶対に出力しないでください。
   - 各占い項目には、id（数字）とtitle（文字列）を含めてください。

出力形式の例：
{
  "items": [
    {"title": "xxx"},
    {"title": "yyy"},
    ...
    {"title": "zzz"}  # 6 items
  ]
}


注意：
- 必ず日本語で回答してください。
- JSON形式の出力を厳守してください。構造が正しいことを確認してから最終出力してください。`;


2025-01-30 18:34:08 - app.src.services.create_topics_service - DEBUG - ユーザープロンプト: 提供された過去履歴データは以下です: [{"category": "誕生日が分からないあの人との恋", "title": "友達だけど、少しでも異性を意識してくれてる？"}, {"category": "", "title": "家編"}, {"category": "あなたの恋の出会い", "title": "私に魅力を感じてくれる人はいる？"}]
2025-01-30 18:34:08 - app.src.services.create_topics_service - INFO - LLMを呼び出します
2025-01-30 18:34:08 - app.src.utils.llm_client - INFO - Claude API呼び出しを開始
2025-01-30 18:34:08 - app.src.utils.llm_client - DEBUG - Bedrockクライアントを初期化
2025-01-30 18:34:08 - botocore.hooks - DEBUG - Event choose-service-name: calling handler <function handle_service_name_alias at 0x108e35760>
2025-01-30 18:34:08 - botocore.hooks - DEBUG - Event creating-client-class.bedrock-runtime: calling handler <function add_generate_presigned_url at 0x108da8e00>
2025-01-30 18:34:08 - botocore.configprovider - DEBUG - Looking for endpoint for bedrock-runtime via: environment_service
2025-01-30 18:34:08 - botocore.configprovider - DEBUG - Looking for endpoint for bedrock-runtime via: environment_global
2025-01-30 18:34:08 - botocore.configprovider - DEBUG - Looking for endpoint for bedrock-runtime via: config_service
2025-01-30 18:34:08 - botocore.configprovider - DEBUG - Looking for endpoint for bedrock-runtime via: config_global
2025-01-30 18:34:08 - botocore.configprovider - DEBUG - No configured endpoint found.
2025-01-30 18:34:08 - botocore.regions - DEBUG - Creating a regex based endpoint for bedrock-runtime, us-east-1
2025-01-30 18:34:08 - botocore.endpoint - DEBUG - Setting bedrock-runtime timeout as (60, 60)
2025-01-30 18:34:08 - botocore.client - DEBUG - Registering retry handlers for service: bedrock-runtime
2025-01-30 18:34:08 - app.src.utils.llm_client - DEBUG - リクエストボディを構築
2025-01-30 18:34:08 - app.src.utils.llm_client - DEBUG - API呼び出しを開始 (最大リトライ回数: 6)
2025-01-30 18:34:08 - app.src.utils.llm_client - DEBUG - API呼び出し試行 (試行回数: 1)
2025-01-30 18:34:08 - app.src.utils.llm_client - DEBUG - converseを呼び出し
2025-01-30 18:34:08 - app.src.utils.llm_client - ERROR - Unexpected Error: 'BedrockRuntime' object has no attribute 'converse'
2025-01-30 18:34:08 - app.src.endpoints.fortune - ERROR - トピック生成エラー: Unexpected error: 'BedrockRuntime' object has no attribute 'converse'
Traceback (most recent call last):
  File "/Users/sekikawa/Documents/20250130-aicoding/aicoding-ghost1/app/src/utils/llm_client.py", line 98, in call_claude_api
    response = bedrock.converse(
               ^^^^^^^^^^^^^^^^
  File "/Users/sekikawa/Documents/20250130-aicoding/aicoding-ghost1/.venv/lib/python3.11/site-packages/botocore/client.py", line 888, in __getattr__
    raise AttributeError(
AttributeError: 'BedrockRuntime' object has no attribute 'converse'

During handling of the above exception, another exception occurred:

Traceback (most recent call last):
  File "/Users/sekikawa/Documents/20250130-aicoding/aicoding-ghost1/app/src/endpoints/fortune.py", line 54, in get_fortune
    fortune_items = create_topics(browsing_history)
                    ^^^^^^^^^^^^^^^^^^^^^^^^^^^^^^^
  File "/Users/sekikawa/Documents/20250130-aicoding/aicoding-ghost1/app/src/services/create_topics_service.py", line 38, in create_topics
    llm_response = call_claude_api(
                   ^^^^^^^^^^^^^^^^
  File "/Users/sekikawa/Documents/20250130-aicoding/aicoding-ghost1/app/src/utils/llm_client.py", line 158, in call_claude_api
    raise BedrockError(f"Unexpected error: {str(e)}")
app.src.utils.llm_client.BedrockError: Unexpected error: 'BedrockRuntime' object has no attribute 'converse'
2025-01-30 18:34:09 - app.src.endpoints.fortune - INFO - リクエスト受信: datetime='2025-01-23' birthday='1999-01-01' browsing_history=[BrowsingHistory(category='誕生日が分からないあの人との恋', title='友達だけど、少しでも異性を意識してくれてる？'), BrowsingHistory(category='', title='家編'), BrowsingHistory(category='あなたの恋の出会い', title='私に魅力を感じてくれる人はいる？')]
2025-01-30 18:34:09 - app.src.endpoints.fortune - DEBUG - 閲覧履歴: [BrowsingHistory(category='誕生日が分からないあの人との恋', title='友達だけど、少しでも異性を意識してくれてる？'), BrowsingHistory(category='', title='家編'), BrowsingHistory(category='あなたの恋の出会い', title='私に魅力を感じてくれる人はいる？')]
2025-01-30 18:34:09 - app.src.endpoints.fortune - INFO - 閲覧履歴あり: トピック生成開始
2025-01-30 18:34:09 - app.src.services.create_topics_service - INFO - create_topics処理を開始します
2025-01-30 18:34:09 - app.src.services.create_topics_service - DEBUG - システムプロンプト: 
あなたは熟練の占い師です。ユーザーの閲覧履歴を分析し、それに基づいて6つの占い項目を作成する任務があります。以下の手順に従って作業を進めてください。

まず、ユーザーの閲覧履歴を確認してください：


次に、以下の手順に従って占いを行ってください：

1. 閲覧履歴の分析：
   - ユーザーの閲覧履歴を詳細に分析し、興味や関心事を特定してください。

2. 占い項目の作成：
   - ユーザーが現在気になっているであろう占い項目を6個作成してください。
   - 各項目には、ユーザーの興味や最近の行動に関連した内容を含めてください。

3. JSON形式での出力：
   - 結果は必ずJSON形式で出力してください。それ以外は絶対に出力しないでください。
   - 各占い項目には、id（数字）とtitle（文字列）を含めてください。

出力形式の例：
{
  "items": [
    {"title": "xxx"},
    {"title": "yyy"},
    ...
    {"title": "zzz"}  # 6 items
  ]
}


注意：
- 必ず日本語で回答してください。
- JSON形式の出力を厳守してください。構造が正しいことを確認してから最終出力してください。`;


2025-01-30 18:34:09 - app.src.services.create_topics_service - DEBUG - ユーザープロンプト: 提供された過去履歴データは以下です: [{"category": "誕生日が分からないあの人との恋", "title": "友達だけど、少しでも異性を意識してくれてる？"}, {"category": "", "title": "家編"}, {"category": "あなたの恋の出会い", "title": "私に魅力を感じてくれる人はいる？"}]
2025-01-30 18:34:09 - app.src.services.create_topics_service - INFO - LLMを呼び出します
2025-01-30 18:34:09 - app.src.utils.llm_client - INFO - Claude API呼び出しを開始
2025-01-30 18:34:09 - app.src.utils.llm_client - DEBUG - Bedrockクライアントを初期化
2025-01-30 18:34:09 - botocore.hooks - DEBUG - Event choose-service-name: calling handler <function handle_service_name_alias at 0x108e35760>
2025-01-30 18:34:09 - botocore.hooks - DEBUG - Event creating-client-class.bedrock-runtime: calling handler <function add_generate_presigned_url at 0x108da8e00>
2025-01-30 18:34:09 - botocore.configprovider - DEBUG - Looking for endpoint for bedrock-runtime via: environment_service
2025-01-30 18:34:09 - botocore.configprovider - DEBUG - Looking for endpoint for bedrock-runtime via: environment_global
2025-01-30 18:34:09 - botocore.configprovider - DEBUG - Looking for endpoint for bedrock-runtime via: config_service
2025-01-30 18:34:09 - botocore.configprovider - DEBUG - Looking for endpoint for bedrock-runtime via: config_global
2025-01-30 18:34:09 - botocore.configprovider - DEBUG - No configured endpoint found.
2025-01-30 18:34:09 - botocore.regions - DEBUG - Creating a regex based endpoint for bedrock-runtime, us-east-1
2025-01-30 18:34:09 - botocore.endpoint - DEBUG - Setting bedrock-runtime timeout as (60, 60)
2025-01-30 18:34:09 - botocore.client - DEBUG - Registering retry handlers for service: bedrock-runtime
2025-01-30 18:34:09 - app.src.utils.llm_client - DEBUG - リクエストボディを構築
2025-01-30 18:34:09 - app.src.utils.llm_client - DEBUG - API呼び出しを開始 (最大リトライ回数: 6)
2025-01-30 18:34:09 - app.src.utils.llm_client - DEBUG - API呼び出し試行 (試行回数: 1)
2025-01-30 18:34:09 - app.src.utils.llm_client - DEBUG - converseを呼び出し
2025-01-30 18:34:09 - app.src.utils.llm_client - ERROR - Unexpected Error: 'BedrockRuntime' object has no attribute 'converse'
2025-01-30 18:34:09 - app.src.endpoints.fortune - ERROR - トピック生成エラー: Unexpected error: 'BedrockRuntime' object has no attribute 'converse'
Traceback (most recent call last):
  File "/Users/sekikawa/Documents/20250130-aicoding/aicoding-ghost1/app/src/utils/llm_client.py", line 98, in call_claude_api
    response = bedrock.converse(
               ^^^^^^^^^^^^^^^^
  File "/Users/sekikawa/Documents/20250130-aicoding/aicoding-ghost1/.venv/lib/python3.11/site-packages/botocore/client.py", line 888, in __getattr__
    raise AttributeError(
AttributeError: 'BedrockRuntime' object has no attribute 'converse'

During handling of the above exception, another exception occurred:

Traceback (most recent call last):
  File "/Users/sekikawa/Documents/20250130-aicoding/aicoding-ghost1/app/src/endpoints/fortune.py", line 54, in get_fortune
    fortune_items = create_topics(browsing_history)
                    ^^^^^^^^^^^^^^^^^^^^^^^^^^^^^^^
  File "/Users/sekikawa/Documents/20250130-aicoding/aicoding-ghost1/app/src/services/create_topics_service.py", line 38, in create_topics
    llm_response = call_claude_api(
                   ^^^^^^^^^^^^^^^^
  File "/Users/sekikawa/Documents/20250130-aicoding/aicoding-ghost1/app/src/utils/llm_client.py", line 158, in call_claude_api
    raise BedrockError(f"Unexpected error: {str(e)}")
app.src.utils.llm_client.BedrockError: Unexpected error: 'BedrockRuntime' object has no attribute 'converse'
2025-01-30 18:34:10 - app.src.endpoints.fortune - INFO - リクエスト受信: datetime='2025-01-23' birthday='1999-01-01' browsing_history=[BrowsingHistory(category='誕生日が分からないあの人との恋', title='友達だけど、少しでも異性を意識してくれてる？'), BrowsingHistory(category='', title='家編'), BrowsingHistory(category='あなたの恋の出会い', title='私に魅力を感じてくれる人はいる？')]
2025-01-30 18:34:10 - app.src.endpoints.fortune - DEBUG - 閲覧履歴: [BrowsingHistory(category='誕生日が分からないあの人との恋', title='友達だけど、少しでも異性を意識してくれてる？'), BrowsingHistory(category='', title='家編'), BrowsingHistory(category='あなたの恋の出会い', title='私に魅力を感じてくれる人はいる？')]
2025-01-30 18:34:10 - app.src.endpoints.fortune - INFO - 閲覧履歴あり: トピック生成開始
2025-01-30 18:34:10 - app.src.services.create_topics_service - INFO - create_topics処理を開始します
2025-01-30 18:34:10 - app.src.services.create_topics_service - DEBUG - システムプロンプト: 
あなたは熟練の占い師です。ユーザーの閲覧履歴を分析し、それに基づいて6つの占い項目を作成する任務があります。以下の手順に従って作業を進めてください。

まず、ユーザーの閲覧履歴を確認してください：


次に、以下の手順に従って占いを行ってください：

1. 閲覧履歴の分析：
   - ユーザーの閲覧履歴を詳細に分析し、興味や関心事を特定してください。

2. 占い項目の作成：
   - ユーザーが現在気になっているであろう占い項目を6個作成してください。
   - 各項目には、ユーザーの興味や最近の行動に関連した内容を含めてください。

3. JSON形式での出力：
   - 結果は必ずJSON形式で出力してください。それ以外は絶対に出力しないでください。
   - 各占い項目には、id（数字）とtitle（文字列）を含めてください。

出力形式の例：
{
  "items": [
    {"title": "xxx"},
    {"title": "yyy"},
    ...
    {"title": "zzz"}  # 6 items
  ]
}


注意：
- 必ず日本語で回答してください。
- JSON形式の出力を厳守してください。構造が正しいことを確認してから最終出力してください。`;


2025-01-30 18:34:10 - app.src.services.create_topics_service - DEBUG - ユーザープロンプト: 提供された過去履歴データは以下です: [{"category": "誕生日が分からないあの人との恋", "title": "友達だけど、少しでも異性を意識してくれてる？"}, {"category": "", "title": "家編"}, {"category": "あなたの恋の出会い", "title": "私に魅力を感じてくれる人はいる？"}]
2025-01-30 18:34:10 - app.src.services.create_topics_service - INFO - LLMを呼び出します
2025-01-30 18:34:10 - app.src.utils.llm_client - INFO - Claude API呼び出しを開始
2025-01-30 18:34:10 - app.src.utils.llm_client - DEBUG - Bedrockクライアントを初期化
2025-01-30 18:34:10 - botocore.hooks - DEBUG - Event choose-service-name: calling handler <function handle_service_name_alias at 0x108e35760>
2025-01-30 18:34:10 - botocore.hooks - DEBUG - Event creating-client-class.bedrock-runtime: calling handler <function add_generate_presigned_url at 0x108da8e00>
2025-01-30 18:34:10 - botocore.configprovider - DEBUG - Looking for endpoint for bedrock-runtime via: environment_service
2025-01-30 18:34:10 - botocore.configprovider - DEBUG - Looking for endpoint for bedrock-runtime via: environment_global
2025-01-30 18:34:10 - botocore.configprovider - DEBUG - Looking for endpoint for bedrock-runtime via: config_service
2025-01-30 18:34:10 - botocore.configprovider - DEBUG - Looking for endpoint for bedrock-runtime via: config_global
2025-01-30 18:34:10 - botocore.configprovider - DEBUG - No configured endpoint found.
2025-01-30 18:34:10 - botocore.regions - DEBUG - Creating a regex based endpoint for bedrock-runtime, us-east-1
2025-01-30 18:34:10 - botocore.endpoint - DEBUG - Setting bedrock-runtime timeout as (60, 60)
2025-01-30 18:34:10 - botocore.client - DEBUG - Registering retry handlers for service: bedrock-runtime
2025-01-30 18:34:10 - app.src.utils.llm_client - DEBUG - リクエストボディを構築
2025-01-30 18:34:10 - app.src.utils.llm_client - DEBUG - API呼び出しを開始 (最大リトライ回数: 6)
2025-01-30 18:34:10 - app.src.utils.llm_client - DEBUG - API呼び出し試行 (試行回数: 1)
2025-01-30 18:34:10 - app.src.utils.llm_client - DEBUG - converseを呼び出し
2025-01-30 18:34:10 - app.src.utils.llm_client - ERROR - Unexpected Error: 'BedrockRuntime' object has no attribute 'converse'
2025-01-30 18:34:10 - app.src.endpoints.fortune - ERROR - トピック生成エラー: Unexpected error: 'BedrockRuntime' object has no attribute 'converse'
Traceback (most recent call last):
  File "/Users/sekikawa/Documents/20250130-aicoding/aicoding-ghost1/app/src/utils/llm_client.py", line 98, in call_claude_api
    response = bedrock.converse(
               ^^^^^^^^^^^^^^^^
  File "/Users/sekikawa/Documents/20250130-aicoding/aicoding-ghost1/.venv/lib/python3.11/site-packages/botocore/client.py", line 888, in __getattr__
    raise AttributeError(
AttributeError: 'BedrockRuntime' object has no attribute 'converse'

During handling of the above exception, another exception occurred:

Traceback (most recent call last):
  File "/Users/sekikawa/Documents/20250130-aicoding/aicoding-ghost1/app/src/endpoints/fortune.py", line 54, in get_fortune
    fortune_items = create_topics(browsing_history)
                    ^^^^^^^^^^^^^^^^^^^^^^^^^^^^^^^
  File "/Users/sekikawa/Documents/20250130-aicoding/aicoding-ghost1/app/src/services/create_topics_service.py", line 38, in create_topics
    llm_response = call_claude_api(
                   ^^^^^^^^^^^^^^^^
  File "/Users/sekikawa/Documents/20250130-aicoding/aicoding-ghost1/app/src/utils/llm_client.py", line 158, in call_claude_api
    raise BedrockError(f"Unexpected error: {str(e)}")
app.src.utils.llm_client.BedrockError: Unexpected error: 'BedrockRuntime' object has no attribute 'converse'
2025-01-30 18:37:18 - app.src.main - INFO - アプリケーション起動: Fortune API v1.0.0
2025-01-30 18:39:53 - app.src.endpoints.fortune - INFO - リクエスト受信: datetime='2025-01-23' birthday='1999-01-01' browsing_history=[BrowsingHistory(category='誕生日が分からないあの人との恋', title='友達だけど、少しでも異性を意識してくれてる？'), BrowsingHistory(category='', title='家編'), BrowsingHistory(category='あなたの恋の出会い', title='私に魅力を感じてくれる人はいる？')]
2025-01-30 18:39:53 - app.src.endpoints.fortune - DEBUG - 閲覧履歴: [BrowsingHistory(category='誕生日が分からないあの人との恋', title='友達だけど、少しでも異性を意識してくれてる？'), BrowsingHistory(category='', title='家編'), BrowsingHistory(category='あなたの恋の出会い', title='私に魅力を感じてくれる人はいる？')]
2025-01-30 18:39:53 - app.src.endpoints.fortune - INFO - 閲覧履歴あり: トピック生成開始
2025-01-30 18:39:53 - app.src.services.create_topics_service - INFO - create_topics処理を開始します
2025-01-30 18:39:53 - app.src.services.create_topics_service - DEBUG - システムプロンプト: 
あなたは熟練の占い師です。ユーザーの閲覧履歴を分析し、それに基づいて6つの占い項目を作成する任務があります。以下の手順に従って作業を進めてください。

まず、ユーザーの閲覧履歴を確認してください：


次に、以下の手順に従って占いを行ってください：

1. 閲覧履歴の分析：
   - ユーザーの閲覧履歴を詳細に分析し、興味や関心事を特定してください。

2. 占い項目の作成：
   - ユーザーが現在気になっているであろう占い項目を6個作成してください。
   - 各項目には、ユーザーの興味や最近の行動に関連した内容を含めてください。

3. JSON形式での出力：
   - 結果は必ずJSON形式で出力してください。それ以外は絶対に出力しないでください。
   - 各占い項目には、id（数字）とtitle（文字列）を含めてください。

出力形式の例：
{
  "items": [
    {"title": "xxx"},
    {"title": "yyy"},
    ...
    {"title": "zzz"}  # 6 items
  ]
}


注意：
- 必ず日本語で回答してください。
- JSON形式の出力を厳守してください。構造が正しいことを確認してから最終出力してください。`;


2025-01-30 18:39:53 - app.src.services.create_topics_service - DEBUG - ユーザープロンプト: 提供された過去履歴データは以下です: [{"category": "誕生日が分からないあの人との恋", "title": "友達だけど、少しでも異性を意識してくれてる？"}, {"category": "", "title": "家編"}, {"category": "あなたの恋の出会い", "title": "私に魅力を感じてくれる人はいる？"}]
2025-01-30 18:39:53 - app.src.services.create_topics_service - INFO - LLMを呼び出します
2025-01-30 18:39:53 - app.src.utils.llm_client - INFO - Claude API呼び出しを開始
2025-01-30 18:39:53 - app.src.utils.llm_client - DEBUG - Bedrockクライアントを初期化
2025-01-30 18:39:53 - botocore.hooks - DEBUG - Changing event name from creating-client-class.iot-data to creating-client-class.iot-data-plane
2025-01-30 18:39:53 - botocore.hooks - DEBUG - Changing event name from before-call.apigateway to before-call.api-gateway
2025-01-30 18:39:53 - botocore.hooks - DEBUG - Changing event name from request-created.machinelearning.Predict to request-created.machine-learning.Predict
2025-01-30 18:39:53 - botocore.hooks - DEBUG - Changing event name from before-parameter-build.autoscaling.CreateLaunchConfiguration to before-parameter-build.auto-scaling.CreateLaunchConfiguration
2025-01-30 18:39:53 - botocore.hooks - DEBUG - Changing event name from before-parameter-build.route53 to before-parameter-build.route-53
2025-01-30 18:39:53 - botocore.hooks - DEBUG - Changing event name from request-created.cloudsearchdomain.Search to request-created.cloudsearch-domain.Search
2025-01-30 18:39:53 - botocore.hooks - DEBUG - Changing event name from docs.*.autoscaling.CreateLaunchConfiguration.complete-section to docs.*.auto-scaling.CreateLaunchConfiguration.complete-section
2025-01-30 18:39:53 - botocore.hooks - DEBUG - Changing event name from before-parameter-build.logs.CreateExportTask to before-parameter-build.cloudwatch-logs.CreateExportTask
2025-01-30 18:39:53 - botocore.hooks - DEBUG - Changing event name from docs.*.logs.CreateExportTask.complete-section to docs.*.cloudwatch-logs.CreateExportTask.complete-section
2025-01-30 18:39:53 - botocore.hooks - DEBUG - Changing event name from before-parameter-build.cloudsearchdomain.Search to before-parameter-build.cloudsearch-domain.Search
2025-01-30 18:39:53 - botocore.hooks - DEBUG - Changing event name from docs.*.cloudsearchdomain.Search.complete-section to docs.*.cloudsearch-domain.Search.complete-section
2025-01-30 18:39:53 - botocore.utils - DEBUG - IMDS ENDPOINT: http://169.254.169.254/
2025-01-30 18:39:53 - botocore.credentials - DEBUG - Looking for credentials via: env
2025-01-30 18:39:53 - botocore.credentials - DEBUG - Looking for credentials via: assume-role
2025-01-30 18:39:53 - botocore.credentials - DEBUG - Looking for credentials via: assume-role-with-web-identity
2025-01-30 18:39:53 - botocore.credentials - DEBUG - Looking for credentials via: sso
2025-01-30 18:39:53 - botocore.credentials - DEBUG - Looking for credentials via: shared-credentials-file
2025-01-30 18:39:53 - botocore.credentials - INFO - Found credentials in shared credentials file: ~/.aws/credentials
2025-01-30 18:39:53 - botocore.loaders - DEBUG - Loading JSON file: /Users/sekikawa/Documents/20250130-aicoding/aicoding-ghost1/.venv/lib/python3.11/site-packages/botocore/data/endpoints.json
2025-01-30 18:39:53 - botocore.loaders - DEBUG - Loading JSON file: /Users/sekikawa/Documents/20250130-aicoding/aicoding-ghost1/.venv/lib/python3.11/site-packages/botocore/data/sdk-default-configuration.json
2025-01-30 18:39:53 - botocore.hooks - DEBUG - Event choose-service-name: calling handler <function handle_service_name_alias at 0x102dbd4e0>
2025-01-30 18:39:53 - botocore.loaders - DEBUG - Loading JSON file: /Users/sekikawa/Documents/20250130-aicoding/aicoding-ghost1/.venv/lib/python3.11/site-packages/botocore/data/bedrock-runtime/2023-09-30/service-2.json
2025-01-30 18:39:53 - botocore.loaders - DEBUG - Loading JSON file: /Users/sekikawa/Documents/20250130-aicoding/aicoding-ghost1/.venv/lib/python3.11/site-packages/botocore/data/bedrock-runtime/2023-09-30/endpoint-rule-set-1.json.gz
2025-01-30 18:39:53 - botocore.loaders - DEBUG - Loading JSON file: /Users/sekikawa/Documents/20250130-aicoding/aicoding-ghost1/.venv/lib/python3.11/site-packages/botocore/data/partitions.json
2025-01-30 18:39:53 - botocore.hooks - DEBUG - Event creating-client-class.bedrock-runtime: calling handler <function add_generate_presigned_url at 0x102d30b80>
2025-01-30 18:39:53 - botocore.configprovider - DEBUG - Looking for endpoint for bedrock-runtime via: environment_service
2025-01-30 18:39:53 - botocore.configprovider - DEBUG - Looking for endpoint for bedrock-runtime via: environment_global
2025-01-30 18:39:53 - botocore.configprovider - DEBUG - Looking for endpoint for bedrock-runtime via: config_service
2025-01-30 18:39:53 - botocore.configprovider - DEBUG - Looking for endpoint for bedrock-runtime via: config_global
2025-01-30 18:39:53 - botocore.configprovider - DEBUG - No configured endpoint found.
2025-01-30 18:39:53 - botocore.regions - DEBUG - Creating a regex based endpoint for bedrock-runtime, us-east-1
2025-01-30 18:39:53 - botocore.endpoint - DEBUG - Setting bedrock-runtime timeout as (60, 60)
2025-01-30 18:39:53 - botocore.loaders - DEBUG - Loading JSON file: /Users/sekikawa/Documents/20250130-aicoding/aicoding-ghost1/.venv/lib/python3.11/site-packages/botocore/data/_retry.json
2025-01-30 18:39:53 - botocore.client - DEBUG - Registering retry handlers for service: bedrock-runtime
2025-01-30 18:39:53 - app.src.utils.llm_client - DEBUG - リクエストボディを構築
2025-01-30 18:39:53 - app.src.utils.llm_client - DEBUG - API呼び出しを開始 (最大リトライ回数: 6)
2025-01-30 18:39:53 - app.src.utils.llm_client - DEBUG - API呼び出し試行 (試行回数: 1)
2025-01-30 18:39:53 - app.src.utils.llm_client - DEBUG - converseを呼び出し
2025-01-30 18:39:53 - app.src.utils.llm_client - ERROR - Unexpected Error: 'BedrockRuntime' object has no attribute 'converse'
2025-01-30 18:39:53 - app.src.endpoints.fortune - ERROR - トピック生成エラー: Unexpected error: 'BedrockRuntime' object has no attribute 'converse'
Traceback (most recent call last):
  File "/Users/sekikawa/Documents/20250130-aicoding/aicoding-ghost1/app/src/utils/llm_client.py", line 98, in call_claude_api
    response = bedrock.converse(
               ^^^^^^^^^^^^^^^^
  File "/Users/sekikawa/Documents/20250130-aicoding/aicoding-ghost1/.venv/lib/python3.11/site-packages/botocore/client.py", line 888, in __getattr__
    raise AttributeError(
AttributeError: 'BedrockRuntime' object has no attribute 'converse'

During handling of the above exception, another exception occurred:

Traceback (most recent call last):
  File "/Users/sekikawa/Documents/20250130-aicoding/aicoding-ghost1/app/src/endpoints/fortune.py", line 54, in get_fortune
    fortune_items = create_topics(browsing_history)
                    ^^^^^^^^^^^^^^^^^^^^^^^^^^^^^^^
  File "/Users/sekikawa/Documents/20250130-aicoding/aicoding-ghost1/app/src/services/create_topics_service.py", line 38, in create_topics
    llm_response = call_claude_api(
                   ^^^^^^^^^^^^^^^^
  File "/Users/sekikawa/Documents/20250130-aicoding/aicoding-ghost1/app/src/utils/llm_client.py", line 158, in call_claude_api
    raise BedrockError(f"Unexpected error: {str(e)}")
app.src.utils.llm_client.BedrockError: Unexpected error: 'BedrockRuntime' object has no attribute 'converse'
2025-01-30 18:41:40 - app.src.main - INFO - アプリケーション起動: Fortune API v1.0.0
2025-01-30 18:42:09 - app.src.main - INFO - アプリケーション起動: Fortune API v1.0.0
2025-01-30 18:42:26 - app.src.main - INFO - アプリケーション起動: Fortune API v1.0.0
2025-01-30 18:42:31 - app.src.endpoints.fortune - INFO - リクエスト受信: datetime='2025-01-23' birthday='1999-01-01' browsing_history=[BrowsingHistory(category='誕生日が分からないあの人との恋', title='友達だけど、少しでも異性を意識してくれてる？'), BrowsingHistory(category='', title='家編'), BrowsingHistory(category='あなたの恋の出会い', title='私に魅力を感じてくれる人はいる？')]
2025-01-30 18:42:31 - app.src.endpoints.fortune - DEBUG - 閲覧履歴: [BrowsingHistory(category='誕生日が分からないあの人との恋', title='友達だけど、少しでも異性を意識してくれてる？'), BrowsingHistory(category='', title='家編'), BrowsingHistory(category='あなたの恋の出会い', title='私に魅力を感じてくれる人はいる？')]
2025-01-30 18:42:31 - app.src.endpoints.fortune - INFO - 閲覧履歴あり: トピック生成開始
2025-01-30 18:42:31 - app.src.services.create_topics_service - INFO - create_topics処理を開始します
2025-01-30 18:42:31 - app.src.services.create_topics_service - DEBUG - システムプロンプト: 
あなたは熟練の占い師です。ユーザーの閲覧履歴を分析し、それに基づいて6つの占い項目を作成する任務があります。以下の手順に従って作業を進めてください。

まず、ユーザーの閲覧履歴を確認してください：


次に、以下の手順に従って占いを行ってください：

1. 閲覧履歴の分析：
   - ユーザーの閲覧履歴を詳細に分析し、興味や関心事を特定してください。

2. 占い項目の作成：
   - ユーザーが現在気になっているであろう占い項目を6個作成してください。
   - 各項目には、ユーザーの興味や最近の行動に関連した内容を含めてください。

3. JSON形式での出力：
   - 結果は必ずJSON形式で出力してください。それ以外は絶対に出力しないでください。
   - 各占い項目には、id（数字）とtitle（文字列）を含めてください。

出力形式の例：
{
  "items": [
    {"title": "xxx"},
    {"title": "yyy"},
    ...
    {"title": "zzz"}  # 6 items
  ]
}


注意：
- 必ず日本語で回答してください。
- JSON形式の出力を厳守してください。構造が正しいことを確認してから最終出力してください。`;


2025-01-30 18:42:31 - app.src.services.create_topics_service - DEBUG - ユーザープロンプト: 提供された過去履歴データは以下です: [{"category": "誕生日が分からないあの人との恋", "title": "友達だけど、少しでも異性を意識してくれてる？"}, {"category": "", "title": "家編"}, {"category": "あなたの恋の出会い", "title": "私に魅力を感じてくれる人はいる？"}]
2025-01-30 18:42:31 - app.src.services.create_topics_service - INFO - LLMを呼び出します
2025-01-30 18:42:31 - app.src.utils.llm_client - INFO - Claude API呼び出しを開始
2025-01-30 18:42:31 - botocore.hooks - DEBUG - Changing event name from creating-client-class.iot-data to creating-client-class.iot-data-plane
2025-01-30 18:42:31 - botocore.hooks - DEBUG - Changing event name from before-call.apigateway to before-call.api-gateway
2025-01-30 18:42:31 - botocore.hooks - DEBUG - Changing event name from request-created.machinelearning.Predict to request-created.machine-learning.Predict
2025-01-30 18:42:31 - botocore.hooks - DEBUG - Changing event name from before-parameter-build.autoscaling.CreateLaunchConfiguration to before-parameter-build.auto-scaling.CreateLaunchConfiguration
2025-01-30 18:42:31 - botocore.hooks - DEBUG - Changing event name from before-parameter-build.route53 to before-parameter-build.route-53
2025-01-30 18:42:31 - botocore.hooks - DEBUG - Changing event name from request-created.cloudsearchdomain.Search to request-created.cloudsearch-domain.Search
2025-01-30 18:42:31 - botocore.hooks - DEBUG - Changing event name from docs.*.autoscaling.CreateLaunchConfiguration.complete-section to docs.*.auto-scaling.CreateLaunchConfiguration.complete-section
2025-01-30 18:42:31 - botocore.hooks - DEBUG - Changing event name from before-parameter-build.logs.CreateExportTask to before-parameter-build.cloudwatch-logs.CreateExportTask
2025-01-30 18:42:31 - botocore.hooks - DEBUG - Changing event name from docs.*.logs.CreateExportTask.complete-section to docs.*.cloudwatch-logs.CreateExportTask.complete-section
2025-01-30 18:42:31 - botocore.hooks - DEBUG - Changing event name from before-parameter-build.cloudsearchdomain.Search to before-parameter-build.cloudsearch-domain.Search
2025-01-30 18:42:31 - botocore.hooks - DEBUG - Changing event name from docs.*.cloudsearchdomain.Search.complete-section to docs.*.cloudsearch-domain.Search.complete-section
2025-01-30 18:42:31 - botocore.utils - DEBUG - IMDS ENDPOINT: http://169.254.169.254/
2025-01-30 18:42:31 - botocore.credentials - DEBUG - Looking for credentials via: env
2025-01-30 18:42:31 - botocore.credentials - DEBUG - Looking for credentials via: assume-role
2025-01-30 18:42:31 - botocore.credentials - DEBUG - Looking for credentials via: assume-role-with-web-identity
2025-01-30 18:42:31 - botocore.credentials - DEBUG - Looking for credentials via: sso
2025-01-30 18:42:31 - botocore.credentials - DEBUG - Looking for credentials via: shared-credentials-file
2025-01-30 18:42:31 - botocore.credentials - INFO - Found credentials in shared credentials file: ~/.aws/credentials
2025-01-30 18:42:31 - botocore.loaders - DEBUG - Loading JSON file: /Users/sekikawa/Documents/20250130-aicoding/aicoding-ghost1/.venv/lib/python3.11/site-packages/botocore/data/endpoints.json
2025-01-30 18:42:31 - botocore.loaders - DEBUG - Loading JSON file: /Users/sekikawa/Documents/20250130-aicoding/aicoding-ghost1/.venv/lib/python3.11/site-packages/botocore/data/sdk-default-configuration.json
2025-01-30 18:42:31 - botocore.hooks - DEBUG - Event choose-service-name: calling handler <function handle_service_name_alias at 0x1071354e0>
2025-01-30 18:42:31 - botocore.loaders - DEBUG - Loading JSON file: /Users/sekikawa/Documents/20250130-aicoding/aicoding-ghost1/.venv/lib/python3.11/site-packages/botocore/data/bedrock-runtime/2023-09-30/service-2.json
2025-01-30 18:42:31 - botocore.loaders - DEBUG - Loading JSON file: /Users/sekikawa/Documents/20250130-aicoding/aicoding-ghost1/.venv/lib/python3.11/site-packages/botocore/data/bedrock-runtime/2023-09-30/endpoint-rule-set-1.json.gz
2025-01-30 18:42:31 - botocore.loaders - DEBUG - Loading JSON file: /Users/sekikawa/Documents/20250130-aicoding/aicoding-ghost1/.venv/lib/python3.11/site-packages/botocore/data/partitions.json
2025-01-30 18:42:31 - botocore.hooks - DEBUG - Event creating-client-class.bedrock-runtime: calling handler <function add_generate_presigned_url at 0x1070a8b80>
2025-01-30 18:42:31 - botocore.configprovider - DEBUG - Looking for endpoint for bedrock-runtime via: environment_service
2025-01-30 18:42:31 - botocore.configprovider - DEBUG - Looking for endpoint for bedrock-runtime via: environment_global
2025-01-30 18:42:31 - botocore.configprovider - DEBUG - Looking for endpoint for bedrock-runtime via: config_service
2025-01-30 18:42:31 - botocore.configprovider - DEBUG - Looking for endpoint for bedrock-runtime via: config_global
2025-01-30 18:42:31 - botocore.configprovider - DEBUG - No configured endpoint found.
2025-01-30 18:42:31 - botocore.regions - DEBUG - Creating a regex based endpoint for bedrock-runtime, ap-northeast-1
2025-01-30 18:42:31 - botocore.endpoint - DEBUG - Setting bedrock-runtime timeout as (60, 60)
2025-01-30 18:42:31 - botocore.loaders - DEBUG - Loading JSON file: /Users/sekikawa/Documents/20250130-aicoding/aicoding-ghost1/.venv/lib/python3.11/site-packages/botocore/data/_retry.json
2025-01-30 18:42:31 - botocore.client - DEBUG - Registering retry handlers for service: bedrock-runtime
2025-01-30 18:42:31 - app.src.endpoints.fortune - ERROR - トピック生成エラー: 'BedrockRuntime' object has no attribute 'converse'
Traceback (most recent call last):
  File "/Users/sekikawa/Documents/20250130-aicoding/aicoding-ghost1/app/src/endpoints/fortune.py", line 54, in get_fortune
    fortune_items = create_topics(browsing_history)
                    ^^^^^^^^^^^^^^^^^^^^^^^^^^^^^^^
  File "/Users/sekikawa/Documents/20250130-aicoding/aicoding-ghost1/app/src/services/create_topics_service.py", line 38, in create_topics
    llm_response = call_claude_api(
                   ^^^^^^^^^^^^^^^^
  File "/Users/sekikawa/Documents/20250130-aicoding/aicoding-ghost1/app/src/utils/llm_client.py", line 61, in call_claude_api
    response = bedrock.converse(modelId=modelId, messages=messages, inferenceConfig=inferenceConfig,system=system)
               ^^^^^^^^^^^^^^^^
  File "/Users/sekikawa/Documents/20250130-aicoding/aicoding-ghost1/.venv/lib/python3.11/site-packages/botocore/client.py", line 888, in __getattr__
    raise AttributeError(
AttributeError: 'BedrockRuntime' object has no attribute 'converse'
2025-01-30 18:43:46 - app.src.main - INFO - アプリケーション起動: Fortune API v1.0.0
2025-01-30 18:44:37 - app.src.main - INFO - アプリケーション起動: Fortune API v1.0.0
2025-01-30 18:47:46 - app.src.main - INFO - アプリケーション起動: Fortune API v1.0.0
2025-01-30 18:47:53 - app.src.main - INFO - アプリケーション起動: Fortune API v1.0.0
2025-01-30 18:48:08 - app.src.main - INFO - アプリケーション起動: Fortune API v1.0.0
2025-01-30 18:48:12 - app.src.main - INFO - アプリケーション起動: Fortune API v1.0.0
2025-01-30 18:51:14 - app.src.endpoints.fortune - INFO - リクエスト受信: datetime='2025-01-23' birthday='1999-01-01' browsing_history=[BrowsingHistory(category='誕生日が分からないあの人との恋', title='友達だけど、少しでも異性を意識してくれてる？'), BrowsingHistory(category='', title='家編'), BrowsingHistory(category='あなたの恋の出会い', title='私に魅力を感じてくれる人はいる？')]
2025-01-30 18:51:14 - app.src.endpoints.fortune - DEBUG - 閲覧履歴: [BrowsingHistory(category='誕生日が分からないあの人との恋', title='友達だけど、少しでも異性を意識してくれてる？'), BrowsingHistory(category='', title='家編'), BrowsingHistory(category='あなたの恋の出会い', title='私に魅力を感じてくれる人はいる？')]
2025-01-30 18:51:14 - app.src.endpoints.fortune - INFO - 閲覧履歴あり: トピック生成開始
2025-01-30 18:51:14 - app.src.services.create_topics_service - INFO - create_topics処理を開始します
2025-01-30 18:51:14 - app.src.services.create_topics_service - DEBUG - システムプロンプト: 
あなたは熟練の占い師です。ユーザーの閲覧履歴を分析し、それに基づいて6つの占い項目を作成する任務があります。以下の手順に従って作業を進めてください。

まず、ユーザーの閲覧履歴を確認してください：


次に、以下の手順に従って占いを行ってください：

1. 閲覧履歴の分析：
   - ユーザーの閲覧履歴を詳細に分析し、興味や関心事を特定してください。

2. 占い項目の作成：
   - ユーザーが現在気になっているであろう占い項目を6個作成してください。
   - 各項目には、ユーザーの興味や最近の行動に関連した内容を含めてください。

3. JSON形式での出力：
   - 結果は必ずJSON形式で出力してください。それ以外は絶対に出力しないでください。
   - 各占い項目には、id（数字）とtitle（文字列）を含めてください。

出力形式の例：
{
  "items": [
    {"title": "xxx"},
    {"title": "yyy"},
    ...
    {"title": "zzz"}  # 6 items
  ]
}


注意：
- 必ず日本語で回答してください。
- JSON形式の出力を厳守してください。構造が正しいことを確認してから最終出力してください。`;


2025-01-30 18:51:14 - app.src.services.create_topics_service - DEBUG - ユーザープロンプト: 提供された過去履歴データは以下です: [{"category": "誕生日が分からないあの人との恋", "title": "友達だけど、少しでも異性を意識してくれてる？"}, {"category": "", "title": "家編"}, {"category": "あなたの恋の出会い", "title": "私に魅力を感じてくれる人はいる？"}]
2025-01-30 18:51:14 - app.src.services.create_topics_service - INFO - LLMを呼び出します
2025-01-30 18:51:14 - app.src.utils.llm_client - INFO - Claude API呼び出しを開始
2025-01-30 18:51:14 - botocore.hooks - DEBUG - Changing event name from creating-client-class.iot-data to creating-client-class.iot-data-plane
2025-01-30 18:51:14 - botocore.hooks - DEBUG - Changing event name from before-call.apigateway to before-call.api-gateway
2025-01-30 18:51:14 - botocore.hooks - DEBUG - Changing event name from request-created.machinelearning.Predict to request-created.machine-learning.Predict
2025-01-30 18:51:14 - botocore.hooks - DEBUG - Changing event name from before-parameter-build.autoscaling.CreateLaunchConfiguration to before-parameter-build.auto-scaling.CreateLaunchConfiguration
2025-01-30 18:51:14 - botocore.hooks - DEBUG - Changing event name from before-parameter-build.route53 to before-parameter-build.route-53
2025-01-30 18:51:14 - botocore.hooks - DEBUG - Changing event name from request-created.cloudsearchdomain.Search to request-created.cloudsearch-domain.Search
2025-01-30 18:51:14 - botocore.hooks - DEBUG - Changing event name from docs.*.autoscaling.CreateLaunchConfiguration.complete-section to docs.*.auto-scaling.CreateLaunchConfiguration.complete-section
2025-01-30 18:51:14 - botocore.hooks - DEBUG - Changing event name from before-parameter-build.logs.CreateExportTask to before-parameter-build.cloudwatch-logs.CreateExportTask
2025-01-30 18:51:14 - botocore.hooks - DEBUG - Changing event name from docs.*.logs.CreateExportTask.complete-section to docs.*.cloudwatch-logs.CreateExportTask.complete-section
2025-01-30 18:51:14 - botocore.hooks - DEBUG - Changing event name from before-parameter-build.cloudsearchdomain.Search to before-parameter-build.cloudsearch-domain.Search
2025-01-30 18:51:14 - botocore.hooks - DEBUG - Changing event name from docs.*.cloudsearchdomain.Search.complete-section to docs.*.cloudsearch-domain.Search.complete-section
2025-01-30 18:51:14 - botocore.utils - DEBUG - IMDS ENDPOINT: http://169.254.169.254/
2025-01-30 18:51:15 - botocore.credentials - DEBUG - Looking for credentials via: env
2025-01-30 18:51:15 - botocore.credentials - DEBUG - Looking for credentials via: assume-role
2025-01-30 18:51:15 - botocore.credentials - DEBUG - Looking for credentials via: assume-role-with-web-identity
2025-01-30 18:51:15 - botocore.credentials - DEBUG - Looking for credentials via: sso
2025-01-30 18:51:15 - botocore.credentials - DEBUG - Looking for credentials via: shared-credentials-file
2025-01-30 18:51:15 - botocore.credentials - INFO - Found credentials in shared credentials file: ~/.aws/credentials
2025-01-30 18:51:15 - botocore.loaders - DEBUG - Loading JSON file: /Users/sekikawa/Documents/20250130-aicoding/aicoding-ghost1/.venv/lib/python3.11/site-packages/botocore/data/endpoints.json
2025-01-30 18:51:15 - botocore.loaders - DEBUG - Loading JSON file: /Users/sekikawa/Documents/20250130-aicoding/aicoding-ghost1/.venv/lib/python3.11/site-packages/botocore/data/sdk-default-configuration.json
2025-01-30 18:51:15 - botocore.hooks - DEBUG - Event choose-service-name: calling handler <function handle_service_name_alias at 0x1059354e0>
2025-01-30 18:51:15 - botocore.loaders - DEBUG - Loading JSON file: /Users/sekikawa/Documents/20250130-aicoding/aicoding-ghost1/.venv/lib/python3.11/site-packages/botocore/data/bedrock-runtime/2023-09-30/service-2.json
2025-01-30 18:51:15 - botocore.loaders - DEBUG - Loading JSON file: /Users/sekikawa/Documents/20250130-aicoding/aicoding-ghost1/.venv/lib/python3.11/site-packages/botocore/data/bedrock-runtime/2023-09-30/endpoint-rule-set-1.json.gz
2025-01-30 18:51:15 - botocore.loaders - DEBUG - Loading JSON file: /Users/sekikawa/Documents/20250130-aicoding/aicoding-ghost1/.venv/lib/python3.11/site-packages/botocore/data/partitions.json
2025-01-30 18:51:15 - botocore.hooks - DEBUG - Event creating-client-class.bedrock-runtime: calling handler <function add_generate_presigned_url at 0x1057a8b80>
2025-01-30 18:51:15 - botocore.configprovider - DEBUG - Looking for endpoint for bedrock-runtime via: environment_service
2025-01-30 18:51:15 - botocore.configprovider - DEBUG - Looking for endpoint for bedrock-runtime via: environment_global
2025-01-30 18:51:15 - botocore.configprovider - DEBUG - Looking for endpoint for bedrock-runtime via: config_service
2025-01-30 18:51:15 - botocore.configprovider - DEBUG - Looking for endpoint for bedrock-runtime via: config_global
2025-01-30 18:51:15 - botocore.configprovider - DEBUG - No configured endpoint found.
2025-01-30 18:51:15 - botocore.regions - DEBUG - Creating a regex based endpoint for bedrock-runtime, ap-northeast-1
2025-01-30 18:51:15 - botocore.endpoint - DEBUG - Setting bedrock-runtime timeout as (60, 60)
2025-01-30 18:51:15 - botocore.loaders - DEBUG - Loading JSON file: /Users/sekikawa/Documents/20250130-aicoding/aicoding-ghost1/.venv/lib/python3.11/site-packages/botocore/data/_retry.json
2025-01-30 18:51:15 - botocore.client - DEBUG - Registering retry handlers for service: bedrock-runtime
2025-01-30 18:51:15 - app.src.endpoints.fortune - ERROR - トピック生成エラー: 'BedrockRuntime' object has no attribute 'converse'
Traceback (most recent call last):
  File "/Users/sekikawa/Documents/20250130-aicoding/aicoding-ghost1/app/src/endpoints/fortune.py", line 54, in get_fortune
    fortune_items = create_topics(browsing_history)
                    ^^^^^^^^^^^^^^^^^^^^^^^^^^^^^^^
  File "/Users/sekikawa/Documents/20250130-aicoding/aicoding-ghost1/app/src/services/create_topics_service.py", line 38, in create_topics
    llm_response = call_claude_api(
                   ^^^^^^^^^^^^^^^^
  File "/Users/sekikawa/Documents/20250130-aicoding/aicoding-ghost1/app/src/utils/llm_client.py", line 61, in call_claude_api
    response = bedrock.converse(modelId=modelId, messages=messages, inferenceConfig=inferenceConfig,system=system)
               ^^^^^^^^^^^^^^^^
  File "/Users/sekikawa/Documents/20250130-aicoding/aicoding-ghost1/.venv/lib/python3.11/site-packages/botocore/client.py", line 888, in __getattr__
    raise AttributeError(
AttributeError: 'BedrockRuntime' object has no attribute 'converse'
2025-01-30 18:51:16 - app.src.endpoints.fortune - INFO - リクエスト受信: datetime='2025-01-23' birthday='1999-01-01' browsing_history=[BrowsingHistory(category='誕生日が分からないあの人との恋', title='友達だけど、少しでも異性を意識してくれてる？'), BrowsingHistory(category='', title='家編'), BrowsingHistory(category='あなたの恋の出会い', title='私に魅力を感じてくれる人はいる？')]
2025-01-30 18:51:16 - app.src.endpoints.fortune - DEBUG - 閲覧履歴: [BrowsingHistory(category='誕生日が分からないあの人との恋', title='友達だけど、少しでも異性を意識してくれてる？'), BrowsingHistory(category='', title='家編'), BrowsingHistory(category='あなたの恋の出会い', title='私に魅力を感じてくれる人はいる？')]
2025-01-30 18:51:16 - app.src.endpoints.fortune - INFO - 閲覧履歴あり: トピック生成開始
2025-01-30 18:51:16 - app.src.services.create_topics_service - INFO - create_topics処理を開始します
2025-01-30 18:51:16 - app.src.services.create_topics_service - DEBUG - システムプロンプト: 
あなたは熟練の占い師です。ユーザーの閲覧履歴を分析し、それに基づいて6つの占い項目を作成する任務があります。以下の手順に従って作業を進めてください。

まず、ユーザーの閲覧履歴を確認してください：


次に、以下の手順に従って占いを行ってください：

1. 閲覧履歴の分析：
   - ユーザーの閲覧履歴を詳細に分析し、興味や関心事を特定してください。

2. 占い項目の作成：
   - ユーザーが現在気になっているであろう占い項目を6個作成してください。
   - 各項目には、ユーザーの興味や最近の行動に関連した内容を含めてください。

3. JSON形式での出力：
   - 結果は必ずJSON形式で出力してください。それ以外は絶対に出力しないでください。
   - 各占い項目には、id（数字）とtitle（文字列）を含めてください。

出力形式の例：
{
  "items": [
    {"title": "xxx"},
    {"title": "yyy"},
    ...
    {"title": "zzz"}  # 6 items
  ]
}


注意：
- 必ず日本語で回答してください。
- JSON形式の出力を厳守してください。構造が正しいことを確認してから最終出力してください。`;


2025-01-30 18:51:16 - app.src.services.create_topics_service - DEBUG - ユーザープロンプト: 提供された過去履歴データは以下です: [{"category": "誕生日が分からないあの人との恋", "title": "友達だけど、少しでも異性を意識してくれてる？"}, {"category": "", "title": "家編"}, {"category": "あなたの恋の出会い", "title": "私に魅力を感じてくれる人はいる？"}]
2025-01-30 18:51:16 - app.src.services.create_topics_service - INFO - LLMを呼び出します
2025-01-30 18:51:16 - app.src.utils.llm_client - INFO - Claude API呼び出しを開始
2025-01-30 18:51:16 - botocore.hooks - DEBUG - Event choose-service-name: calling handler <function handle_service_name_alias at 0x1059354e0>
2025-01-30 18:51:16 - botocore.hooks - DEBUG - Event creating-client-class.bedrock-runtime: calling handler <function add_generate_presigned_url at 0x1057a8b80>
2025-01-30 18:51:16 - botocore.configprovider - DEBUG - Looking for endpoint for bedrock-runtime via: environment_service
2025-01-30 18:51:16 - botocore.configprovider - DEBUG - Looking for endpoint for bedrock-runtime via: environment_global
2025-01-30 18:51:16 - botocore.configprovider - DEBUG - Looking for endpoint for bedrock-runtime via: config_service
2025-01-30 18:51:16 - botocore.configprovider - DEBUG - Looking for endpoint for bedrock-runtime via: config_global
2025-01-30 18:51:16 - botocore.configprovider - DEBUG - No configured endpoint found.
2025-01-30 18:51:16 - botocore.regions - DEBUG - Creating a regex based endpoint for bedrock-runtime, ap-northeast-1
2025-01-30 18:51:16 - botocore.endpoint - DEBUG - Setting bedrock-runtime timeout as (60, 60)
2025-01-30 18:51:16 - botocore.client - DEBUG - Registering retry handlers for service: bedrock-runtime
2025-01-30 18:51:16 - app.src.endpoints.fortune - ERROR - トピック生成エラー: 'BedrockRuntime' object has no attribute 'converse'
Traceback (most recent call last):
  File "/Users/sekikawa/Documents/20250130-aicoding/aicoding-ghost1/app/src/endpoints/fortune.py", line 54, in get_fortune
    fortune_items = create_topics(browsing_history)
                    ^^^^^^^^^^^^^^^^^^^^^^^^^^^^^^^
  File "/Users/sekikawa/Documents/20250130-aicoding/aicoding-ghost1/app/src/services/create_topics_service.py", line 38, in create_topics
    llm_response = call_claude_api(
                   ^^^^^^^^^^^^^^^^
  File "/Users/sekikawa/Documents/20250130-aicoding/aicoding-ghost1/app/src/utils/llm_client.py", line 61, in call_claude_api
    response = bedrock.converse(modelId=modelId, messages=messages, inferenceConfig=inferenceConfig,system=system)
               ^^^^^^^^^^^^^^^^
  File "/Users/sekikawa/Documents/20250130-aicoding/aicoding-ghost1/.venv/lib/python3.11/site-packages/botocore/client.py", line 888, in __getattr__
    raise AttributeError(
AttributeError: 'BedrockRuntime' object has no attribute 'converse'
2025-01-30 18:57:06 - app.src.endpoints.fortune - INFO - リクエスト受信: datetime='2025-01-23' birthday='1999-01-01' browsing_history=[BrowsingHistory(category='誕生日が分からないあの人との恋', title='友達だけど、少しでも異性を意識してくれてる？'), BrowsingHistory(category='', title='家編'), BrowsingHistory(category='あなたの恋の出会い', title='私に魅力を感じてくれる人はいる？')]
2025-01-30 18:57:06 - app.src.endpoints.fortune - DEBUG - 閲覧履歴: [BrowsingHistory(category='誕生日が分からないあの人との恋', title='友達だけど、少しでも異性を意識してくれてる？'), BrowsingHistory(category='', title='家編'), BrowsingHistory(category='あなたの恋の出会い', title='私に魅力を感じてくれる人はいる？')]
2025-01-30 18:57:06 - app.src.endpoints.fortune - INFO - 閲覧履歴あり: トピック生成開始
2025-01-30 18:57:06 - app.src.services.create_topics_service - INFO - create_topics処理を開始します
2025-01-30 18:57:06 - app.src.services.create_topics_service - DEBUG - システムプロンプト: 
あなたは熟練の占い師です。ユーザーの閲覧履歴を分析し、それに基づいて6つの占い項目を作成する任務があります。以下の手順に従って作業を進めてください。

まず、ユーザーの閲覧履歴を確認してください：


次に、以下の手順に従って占いを行ってください：

1. 閲覧履歴の分析：
   - ユーザーの閲覧履歴を詳細に分析し、興味や関心事を特定してください。

2. 占い項目の作成：
   - ユーザーが現在気になっているであろう占い項目を6個作成してください。
   - 各項目には、ユーザーの興味や最近の行動に関連した内容を含めてください。

3. JSON形式での出力：
   - 結果は必ずJSON形式で出力してください。それ以外は絶対に出力しないでください。
   - 各占い項目には、id（数字）とtitle（文字列）を含めてください。

出力形式の例：
{
  "items": [
    {"title": "xxx"},
    {"title": "yyy"},
    ...
    {"title": "zzz"}  # 6 items
  ]
}


注意：
- 必ず日本語で回答してください。
- JSON形式の出力を厳守してください。構造が正しいことを確認してから最終出力してください。`;


2025-01-30 18:57:06 - app.src.services.create_topics_service - DEBUG - ユーザープロンプト: 提供された過去履歴データは以下です: [{"category": "誕生日が分からないあの人との恋", "title": "友達だけど、少しでも異性を意識してくれてる？"}, {"category": "", "title": "家編"}, {"category": "あなたの恋の出会い", "title": "私に魅力を感じてくれる人はいる？"}]
2025-01-30 18:57:06 - app.src.services.create_topics_service - INFO - LLMを呼び出します
2025-01-30 18:57:06 - app.src.utils.llm_client - INFO - Claude API呼び出しを開始
2025-01-30 18:57:06 - botocore.hooks - DEBUG - Event choose-service-name: calling handler <function handle_service_name_alias at 0x1059354e0>
2025-01-30 18:57:06 - botocore.hooks - DEBUG - Event creating-client-class.bedrock-runtime: calling handler <function add_generate_presigned_url at 0x1057a8b80>
2025-01-30 18:57:06 - botocore.configprovider - DEBUG - Looking for endpoint for bedrock-runtime via: environment_service
2025-01-30 18:57:06 - botocore.configprovider - DEBUG - Looking for endpoint for bedrock-runtime via: environment_global
2025-01-30 18:57:06 - botocore.configprovider - DEBUG - Looking for endpoint for bedrock-runtime via: config_service
2025-01-30 18:57:06 - botocore.configprovider - DEBUG - Looking for endpoint for bedrock-runtime via: config_global
2025-01-30 18:57:06 - botocore.configprovider - DEBUG - No configured endpoint found.
2025-01-30 18:57:06 - botocore.regions - DEBUG - Creating a regex based endpoint for bedrock-runtime, ap-northeast-1
2025-01-30 18:57:06 - botocore.endpoint - DEBUG - Setting bedrock-runtime timeout as (60, 60)
2025-01-30 18:57:06 - botocore.client - DEBUG - Registering retry handlers for service: bedrock-runtime
2025-01-30 18:57:06 - app.src.endpoints.fortune - ERROR - トピック生成エラー: 'BedrockRuntime' object has no attribute 'converse'
Traceback (most recent call last):
  File "/Users/sekikawa/Documents/20250130-aicoding/aicoding-ghost1/app/src/endpoints/fortune.py", line 54, in get_fortune
    fortune_items = create_topics(browsing_history)
                    ^^^^^^^^^^^^^^^^^^^^^^^^^^^^^^^
  File "/Users/sekikawa/Documents/20250130-aicoding/aicoding-ghost1/app/src/services/create_topics_service.py", line 38, in create_topics
    llm_response = call_claude_api(
                   ^^^^^^^^^^^^^^^^
  File "/Users/sekikawa/Documents/20250130-aicoding/aicoding-ghost1/app/src/utils/llm_client.py", line 61, in call_claude_api
    response = bedrock.converse(modelId=modelId, messages=messages, inferenceConfig=inferenceConfig,system=system)
               ^^^^^^^^^^^^^^^^
  File "/Users/sekikawa/Documents/20250130-aicoding/aicoding-ghost1/.venv/lib/python3.11/site-packages/botocore/client.py", line 888, in __getattr__
    raise AttributeError(
AttributeError: 'BedrockRuntime' object has no attribute 'converse'
2025-01-30 18:57:37 - app.src.utils.llm_client - INFO - Claude API呼び出しを開始
2025-01-30 18:57:37 - botocore.hooks - DEBUG - Event choose-service-name: calling handler <function handle_service_name_alias at 0x1059354e0>
2025-01-30 18:57:37 - botocore.hooks - DEBUG - Event creating-client-class.bedrock-runtime: calling handler <function add_generate_presigned_url at 0x1057a8b80>
2025-01-30 18:57:37 - botocore.configprovider - DEBUG - Looking for endpoint for bedrock-runtime via: environment_service
2025-01-30 18:57:37 - botocore.configprovider - DEBUG - Looking for endpoint for bedrock-runtime via: environment_global
2025-01-30 18:57:37 - botocore.configprovider - DEBUG - Looking for endpoint for bedrock-runtime via: config_service
2025-01-30 18:57:37 - botocore.configprovider - DEBUG - Looking for endpoint for bedrock-runtime via: config_global
2025-01-30 18:57:37 - botocore.configprovider - DEBUG - No configured endpoint found.
2025-01-30 18:57:37 - botocore.regions - DEBUG - Creating a regex based endpoint for bedrock-runtime, ap-northeast-1
2025-01-30 18:57:37 - botocore.endpoint - DEBUG - Setting bedrock-runtime timeout as (60, 60)
2025-01-30 18:57:37 - botocore.client - DEBUG - Registering retry handlers for service: bedrock-runtime
2025-01-30 18:57:37 - app.src.endpoints.llm - ERROR - LLM API呼び出し中にエラーが発生: 'BedrockRuntime' object has no attribute 'converse'
2025-01-30 18:59:40 - app.src.main - INFO - アプリケーション起動: Fortune API v1.0.0
2025-01-30 18:59:49 - app.src.utils.llm_client - INFO - Claude API呼び出しを開始
2025-01-30 18:59:49 - app.src.utils.llm_client - DEBUG - Bedrockクライアントを初期化
2025-01-30 18:59:49 - botocore.hooks - DEBUG - Changing event name from creating-client-class.iot-data to creating-client-class.iot-data-plane
2025-01-30 18:59:49 - botocore.hooks - DEBUG - Changing event name from before-call.apigateway to before-call.api-gateway
2025-01-30 18:59:49 - botocore.hooks - DEBUG - Changing event name from request-created.machinelearning.Predict to request-created.machine-learning.Predict
2025-01-30 18:59:49 - botocore.hooks - DEBUG - Changing event name from before-parameter-build.autoscaling.CreateLaunchConfiguration to before-parameter-build.auto-scaling.CreateLaunchConfiguration
2025-01-30 18:59:49 - botocore.hooks - DEBUG - Changing event name from before-parameter-build.route53 to before-parameter-build.route-53
2025-01-30 18:59:49 - botocore.hooks - DEBUG - Changing event name from request-created.cloudsearchdomain.Search to request-created.cloudsearch-domain.Search
2025-01-30 18:59:49 - botocore.hooks - DEBUG - Changing event name from docs.*.autoscaling.CreateLaunchConfiguration.complete-section to docs.*.auto-scaling.CreateLaunchConfiguration.complete-section
2025-01-30 18:59:49 - botocore.hooks - DEBUG - Changing event name from before-parameter-build.logs.CreateExportTask to before-parameter-build.cloudwatch-logs.CreateExportTask
2025-01-30 18:59:49 - botocore.hooks - DEBUG - Changing event name from docs.*.logs.CreateExportTask.complete-section to docs.*.cloudwatch-logs.CreateExportTask.complete-section
2025-01-30 18:59:49 - botocore.hooks - DEBUG - Changing event name from before-parameter-build.cloudsearchdomain.Search to before-parameter-build.cloudsearch-domain.Search
2025-01-30 18:59:49 - botocore.hooks - DEBUG - Changing event name from docs.*.cloudsearchdomain.Search.complete-section to docs.*.cloudsearch-domain.Search.complete-section
2025-01-30 18:59:49 - botocore.utils - DEBUG - IMDS ENDPOINT: http://169.254.169.254/
2025-01-30 18:59:49 - botocore.credentials - DEBUG - Looking for credentials via: env
2025-01-30 18:59:49 - botocore.credentials - DEBUG - Looking for credentials via: assume-role
2025-01-30 18:59:49 - botocore.credentials - DEBUG - Looking for credentials via: assume-role-with-web-identity
2025-01-30 18:59:49 - botocore.credentials - DEBUG - Looking for credentials via: sso
2025-01-30 18:59:49 - botocore.credentials - DEBUG - Looking for credentials via: shared-credentials-file
2025-01-30 18:59:49 - botocore.credentials - INFO - Found credentials in shared credentials file: ~/.aws/credentials
2025-01-30 18:59:49 - botocore.loaders - DEBUG - Loading JSON file: /Users/sekikawa/Documents/20250130-aicoding/aicoding-ghost1/.venv/lib/python3.11/site-packages/botocore/data/endpoints.json
2025-01-30 18:59:49 - botocore.loaders - DEBUG - Loading JSON file: /Users/sekikawa/Documents/20250130-aicoding/aicoding-ghost1/.venv/lib/python3.11/site-packages/botocore/data/sdk-default-configuration.json
2025-01-30 18:59:49 - botocore.hooks - DEBUG - Event choose-service-name: calling handler <function handle_service_name_alias at 0x1072354e0>
2025-01-30 18:59:49 - botocore.loaders - DEBUG - Loading JSON file: /Users/sekikawa/Documents/20250130-aicoding/aicoding-ghost1/.venv/lib/python3.11/site-packages/botocore/data/bedrock-runtime/2023-09-30/service-2.json
2025-01-30 18:59:49 - botocore.loaders - DEBUG - Loading JSON file: /Users/sekikawa/Documents/20250130-aicoding/aicoding-ghost1/.venv/lib/python3.11/site-packages/botocore/data/bedrock-runtime/2023-09-30/endpoint-rule-set-1.json.gz
2025-01-30 18:59:49 - botocore.loaders - DEBUG - Loading JSON file: /Users/sekikawa/Documents/20250130-aicoding/aicoding-ghost1/.venv/lib/python3.11/site-packages/botocore/data/partitions.json
2025-01-30 18:59:49 - botocore.hooks - DEBUG - Event creating-client-class.bedrock-runtime: calling handler <function add_generate_presigned_url at 0x1070a4b80>
2025-01-30 18:59:49 - botocore.configprovider - DEBUG - Looking for endpoint for bedrock-runtime via: environment_service
2025-01-30 18:59:49 - botocore.configprovider - DEBUG - Looking for endpoint for bedrock-runtime via: environment_global
2025-01-30 18:59:49 - botocore.configprovider - DEBUG - Looking for endpoint for bedrock-runtime via: config_service
2025-01-30 18:59:49 - botocore.configprovider - DEBUG - Looking for endpoint for bedrock-runtime via: config_global
2025-01-30 18:59:49 - botocore.configprovider - DEBUG - No configured endpoint found.
2025-01-30 18:59:49 - botocore.regions - DEBUG - Creating a regex based endpoint for bedrock-runtime, us-east-1
2025-01-30 18:59:49 - botocore.endpoint - DEBUG - Setting bedrock-runtime timeout as (60, 60)
2025-01-30 18:59:49 - botocore.loaders - DEBUG - Loading JSON file: /Users/sekikawa/Documents/20250130-aicoding/aicoding-ghost1/.venv/lib/python3.11/site-packages/botocore/data/_retry.json
2025-01-30 18:59:49 - botocore.client - DEBUG - Registering retry handlers for service: bedrock-runtime
2025-01-30 18:59:49 - app.src.utils.llm_client - DEBUG - リクエストボディを構築
2025-01-30 18:59:49 - app.src.utils.llm_client - DEBUG - API呼び出しを開始 (最大リトライ回数: 6)
2025-01-30 18:59:49 - app.src.utils.llm_client - DEBUG - API呼び出し試行 (試行回数: 1)
2025-01-30 18:59:49 - app.src.utils.llm_client - DEBUG - converseを呼び出し
2025-01-30 18:59:49 - app.src.utils.llm_client - ERROR - Unexpected Error: 'BedrockRuntime' object has no attribute 'converse'
2025-01-30 18:59:49 - app.src.endpoints.llm - ERROR - LLM API呼び出し中にエラーが発生: Unexpected error: 'BedrockRuntime' object has no attribute 'converse'
2025-01-30 19:00:26 - app.src.main - INFO - アプリケーション起動: Fortune API v1.0.0
2025-01-30 19:02:31 - app.src.main - INFO - アプリケーション起動: Fortune API v1.0.0
2025-01-30 19:02:55 - app.src.main - INFO - アプリケーション起動: Fortune API v1.0.0
2025-01-30 19:03:01 - app.src.endpoints.llm - ERROR - LLM API呼び出し中にエラーが発生: name 'region' is not defined
2025-01-30 19:03:06 - app.src.endpoints.llm - ERROR - LLM API呼び出し中にエラーが発生: name 'region' is not defined
2025-01-30 19:03:19 - app.src.main - INFO - アプリケーション起動: Fortune API v1.0.0
2025-01-30 19:03:23 - app.src.endpoints.llm - INFO - LLM API呼び出しを開始
2025-01-30 19:03:23 - app.src.endpoints.llm - ERROR - LLM API呼び出し中にエラーが発生: name 'region' is not defined
2025-01-30 19:04:23 - app.src.endpoints.llm - INFO - LLM API呼び出しを開始
2025-01-30 19:04:23 - app.src.endpoints.llm - ERROR - LLM API呼び出し中にエラーが発生: name 'region' is not defined
2025-01-30 19:08:58 - app.src.main - INFO - アプリケーション起動: Fortune API v1.0.0
2025-01-30 19:09:01 - app.src.endpoints.llm - INFO - LLM API呼び出しを開始
2025-01-30 19:09:01 - app.src.endpoints.llm - ERROR - LLM API呼び出し中にエラーが発生: name 'region' is not defined
2025-01-30 19:09:03 - app.src.endpoints.llm - INFO - LLM API呼び出しを開始
2025-01-30 19:09:03 - app.src.endpoints.llm - ERROR - LLM API呼び出し中にエラーが発生: name 'region' is not defined
2025-01-30 19:09:04 - app.src.endpoints.llm - INFO - LLM API呼び出しを開始
2025-01-30 19:09:04 - app.src.endpoints.llm - ERROR - LLM API呼び出し中にエラーが発生: name 'region' is not defined
2025-01-30 20:24:39 - app.src.main - INFO - アプリケーション起動: Fortune API v1.0.0
